Archive member included to satisfy reference by file (symbol)

C:/ST/STM32CubeIDE_1.13.2/STM32CubeIDE/plugins/com.st.stm32cube.ide.mcu.externaltools.gnu-tools-for-stm32.11.3.rel1.win32_1.1.1.202309131626/tools/bin/../lib/gcc/arm-none-eabi/11.3.1/../../../../arm-none-eabi/lib/thumb/v7e-m+fp/hard\libc_nano.a(libc_a-exit.o)
                              C:/ST/STM32CubeIDE_1.13.2/STM32CubeIDE/plugins/com.st.stm32cube.ide.mcu.externaltools.gnu-tools-for-stm32.11.3.rel1.win32_1.1.1.202309131626/tools/bin/../lib/gcc/arm-none-eabi/11.3.1/../../../../arm-none-eabi/lib/thumb/v7e-m+fp/hard/crt0.o (exit)
C:/ST/STM32CubeIDE_1.13.2/STM32CubeIDE/plugins/com.st.stm32cube.ide.mcu.externaltools.gnu-tools-for-stm32.11.3.rel1.win32_1.1.1.202309131626/tools/bin/../lib/gcc/arm-none-eabi/11.3.1/../../../../arm-none-eabi/lib/thumb/v7e-m+fp/hard\libc_nano.a(libc_a-findfp.o)
                              C:/ST/STM32CubeIDE_1.13.2/STM32CubeIDE/plugins/com.st.stm32cube.ide.mcu.externaltools.gnu-tools-for-stm32.11.3.rel1.win32_1.1.1.202309131626/tools/bin/../lib/gcc/arm-none-eabi/11.3.1/../../../../arm-none-eabi/lib/thumb/v7e-m+fp/hard\libc_nano.a(libc_a-exit.o) (__stdio_exit_handler)
C:/ST/STM32CubeIDE_1.13.2/STM32CubeIDE/plugins/com.st.stm32cube.ide.mcu.externaltools.gnu-tools-for-stm32.11.3.rel1.win32_1.1.1.202309131626/tools/bin/../lib/gcc/arm-none-eabi/11.3.1/../../../../arm-none-eabi/lib/thumb/v7e-m+fp/hard\libc_nano.a(libc_a-fwalk.o)
                              C:/ST/STM32CubeIDE_1.13.2/STM32CubeIDE/plugins/com.st.stm32cube.ide.mcu.externaltools.gnu-tools-for-stm32.11.3.rel1.win32_1.1.1.202309131626/tools/bin/../lib/gcc/arm-none-eabi/11.3.1/../../../../arm-none-eabi/lib/thumb/v7e-m+fp/hard\libc_nano.a(libc_a-findfp.o) (_fwalk_sglue)
C:/ST/STM32CubeIDE_1.13.2/STM32CubeIDE/plugins/com.st.stm32cube.ide.mcu.externaltools.gnu-tools-for-stm32.11.3.rel1.win32_1.1.1.202309131626/tools/bin/../lib/gcc/arm-none-eabi/11.3.1/../../../../arm-none-eabi/lib/thumb/v7e-m+fp/hard\libc_nano.a(libc_a-sprintf.o)
                              ./Core/Src/main.o (sprintf)
C:/ST/STM32CubeIDE_1.13.2/STM32CubeIDE/plugins/com.st.stm32cube.ide.mcu.externaltools.gnu-tools-for-stm32.11.3.rel1.win32_1.1.1.202309131626/tools/bin/../lib/gcc/arm-none-eabi/11.3.1/../../../../arm-none-eabi/lib/thumb/v7e-m+fp/hard\libc_nano.a(libc_a-stdio.o)
                              C:/ST/STM32CubeIDE_1.13.2/STM32CubeIDE/plugins/com.st.stm32cube.ide.mcu.externaltools.gnu-tools-for-stm32.11.3.rel1.win32_1.1.1.202309131626/tools/bin/../lib/gcc/arm-none-eabi/11.3.1/../../../../arm-none-eabi/lib/thumb/v7e-m+fp/hard\libc_nano.a(libc_a-findfp.o) (__sread)
C:/ST/STM32CubeIDE_1.13.2/STM32CubeIDE/plugins/com.st.stm32cube.ide.mcu.externaltools.gnu-tools-for-stm32.11.3.rel1.win32_1.1.1.202309131626/tools/bin/../lib/gcc/arm-none-eabi/11.3.1/../../../../arm-none-eabi/lib/thumb/v7e-m+fp/hard\libc_nano.a(libc_a-memset.o)
                              C:/ST/STM32CubeIDE_1.13.2/STM32CubeIDE/plugins/com.st.stm32cube.ide.mcu.externaltools.gnu-tools-for-stm32.11.3.rel1.win32_1.1.1.202309131626/tools/bin/../lib/gcc/arm-none-eabi/11.3.1/../../../../arm-none-eabi/lib/thumb/v7e-m+fp/hard/crt0.o (memset)
C:/ST/STM32CubeIDE_1.13.2/STM32CubeIDE/plugins/com.st.stm32cube.ide.mcu.externaltools.gnu-tools-for-stm32.11.3.rel1.win32_1.1.1.202309131626/tools/bin/../lib/gcc/arm-none-eabi/11.3.1/../../../../arm-none-eabi/lib/thumb/v7e-m+fp/hard\libc_nano.a(libc_a-closer.o)
                              C:/ST/STM32CubeIDE_1.13.2/STM32CubeIDE/plugins/com.st.stm32cube.ide.mcu.externaltools.gnu-tools-for-stm32.11.3.rel1.win32_1.1.1.202309131626/tools/bin/../lib/gcc/arm-none-eabi/11.3.1/../../../../arm-none-eabi/lib/thumb/v7e-m+fp/hard\libc_nano.a(libc_a-stdio.o) (_close_r)
C:/ST/STM32CubeIDE_1.13.2/STM32CubeIDE/plugins/com.st.stm32cube.ide.mcu.externaltools.gnu-tools-for-stm32.11.3.rel1.win32_1.1.1.202309131626/tools/bin/../lib/gcc/arm-none-eabi/11.3.1/../../../../arm-none-eabi/lib/thumb/v7e-m+fp/hard\libc_nano.a(libc_a-reent.o)
                              C:/ST/STM32CubeIDE_1.13.2/STM32CubeIDE/plugins/com.st.stm32cube.ide.mcu.externaltools.gnu-tools-for-stm32.11.3.rel1.win32_1.1.1.202309131626/tools/bin/../lib/gcc/arm-none-eabi/11.3.1/../../../../arm-none-eabi/lib/thumb/v7e-m+fp/hard\libc_nano.a(libc_a-closer.o) (errno)
C:/ST/STM32CubeIDE_1.13.2/STM32CubeIDE/plugins/com.st.stm32cube.ide.mcu.externaltools.gnu-tools-for-stm32.11.3.rel1.win32_1.1.1.202309131626/tools/bin/../lib/gcc/arm-none-eabi/11.3.1/../../../../arm-none-eabi/lib/thumb/v7e-m+fp/hard\libc_nano.a(libc_a-impure.o)
                              C:/ST/STM32CubeIDE_1.13.2/STM32CubeIDE/plugins/com.st.stm32cube.ide.mcu.externaltools.gnu-tools-for-stm32.11.3.rel1.win32_1.1.1.202309131626/tools/bin/../lib/gcc/arm-none-eabi/11.3.1/../../../../arm-none-eabi/lib/thumb/v7e-m+fp/hard\libc_nano.a(libc_a-sprintf.o) (_impure_ptr)
[...]
Memory Configuration

Name             Origin             Length             Attributes
RAM              0x0000000020000000 0x0000000000050000 xrw
FLASH            0x0000000008000000 0x0000000000100000 xr
*default*        0x0000000000000000 0xffffffffffffffff

Linker script and memory map

LOAD C:/ST/STM32CubeIDE_1.13.2/STM32CubeIDE/plugins/com.st.stm32cube.ide.mcu.externaltools.gnu-tools-for-stm32.11.3.rel1.win32_1.1.1.202309131626/tools/bin/../lib/gcc/arm-none-eabi/11.3.1/thumb/v7e-m+fp/hard/crti.o
LOAD C:/ST/STM32CubeIDE_1.13.2/STM32CubeIDE/plugins/com.st.stm32cube.ide.mcu.externaltools.gnu-tools-for-stm32.11.3.rel1.win32_1.1.1.202309131626/tools/bin/../lib/gcc/arm-none-eabi/11.3.1/thumb/v7e-m+fp/hard/crtbegin.o
LOAD C:/ST/STM32CubeIDE_1.13.2/STM32CubeIDE/plugins/com.st.stm32cube.ide.mcu.externaltools.gnu-tools-for-stm32.11.3.rel1.win32_1.1.1.202309131626/tools/bin/../lib/gcc/arm-none-eabi/11.3.1/../../../../arm-none-eabi/lib/thumb/v7e-m+fp/hard/crt0.o
LOAD ./Components/Src/bmp2.o
LOAD ./Components/Src/bmp2_config.o
LOAD ./Components/Src/dio.o
LOAD ./Components/Src/heater.o
LOAD ./Components/Src/heater_config.o
LOAD ./Components/Src/pwm.o
LOAD ./Core/Src/adc.o
LOAD ./Core/Src/dma.o
LOAD ./Core/Src/fatfs_sd.o
LOAD ./Core/Src/gpio.o
LOAD ./Core/Src/i2c.o
LOAD ./Core/Src/lcd_i2c.o
LOAD ./Core/Src/main.o
LOAD ./Core/Src/pid_regulator.o
LOAD ./Core/Src/spi.o
LOAD ./Core/Src/stm32f7xx_hal_msp.o
LOAD ./Core/Src/stm32f7xx_it.o
LOAD ./Core/Src/syscalls.o
LOAD ./Core/Src/sysmem.o
LOAD ./Core/Src/system_stm32f7xx.o
LOAD ./Core/Src/tim.o
LOAD ./Core/Src/usart.o
LOAD ./Core/Startup/startup_stm32f746zgtx.o
LOAD ./Drivers/STM32F7xx_HAL_Driver/Src/stm32f7xx_hal.o
LOAD ./Drivers/STM32F7xx_HAL_Driver/Src/stm32f7xx_hal_adc.o
LOAD ./Drivers/STM32F7xx_HAL_Driver/Src/stm32f7xx_hal_adc_ex.o
LOAD ./Drivers/STM32F7xx_HAL_Driver/Src/stm32f7xx_hal_cortex.o
LOAD ./Drivers/STM32F7xx_HAL_Driver/Src/stm32f7xx_hal_dma.o
LOAD ./Drivers/STM32F7xx_HAL_Driver/Src/stm32f7xx_hal_dma_ex.o
LOAD ./Drivers/STM32F7xx_HAL_Driver/Src/stm32f7xx_hal_exti.o
LOAD ./Drivers/STM32F7xx_HAL_Driver/Src/stm32f7xx_hal_flash.o
LOAD ./Drivers/STM32F7xx_HAL_Driver/Src/stm32f7xx_hal_flash_ex.o
LOAD ./Drivers/STM32F7xx_HAL_Driver/Src/stm32f7xx_hal_gpio.o
LOAD ./Drivers/STM32F7xx_HAL_Driver/Src/stm32f7xx_hal_i2c.o
LOAD ./Drivers/STM32F7xx_HAL_Driver/Src/stm32f7xx_hal_i2c_ex.o
LOAD ./Drivers/STM32F7xx_HAL_Driver/Src/stm32f7xx_hal_pwr.o
LOAD ./Drivers/STM32F7xx_HAL_Driver/Src/stm32f7xx_hal_pwr_ex.o
LOAD ./Drivers/STM32F7xx_HAL_Driver/Src/stm32f7xx_hal_rcc.o
LOAD ./Drivers/STM32F7xx_HAL_Driver/Src/stm32f7xx_hal_rcc_ex.o
LOAD ./Drivers/STM32F7xx_HAL_Driver/Src/stm32f7xx_hal_spi.o
LOAD ./Drivers/STM32F7xx_HAL_Driver/Src/stm32f7xx_hal_spi_ex.o
LOAD ./Drivers/STM32F7xx_HAL_Driver/Src/stm32f7xx_hal_tim.o
LOAD ./Drivers/STM32F7xx_HAL_Driver/Src/stm32f7xx_hal_tim_ex.o
LOAD ./Drivers/STM32F7xx_HAL_Driver/Src/stm32f7xx_hal_uart.o
LOAD ./Drivers/STM32F7xx_HAL_Driver/Src/stm32f7xx_hal_uart_ex.o
LOAD ./FATFS/App/fatfs.o
LOAD ./FATFS/Target/user_diskio.o
LOAD ./Middlewares/Third_Party/FatFs/src/diskio.o
LOAD ./Middlewares/Third_Party/FatFs/src/ff.o
LOAD ./Middlewares/Third_Party/FatFs/src/ff_gen_drv.o
LOAD ./Middlewares/Third_Party/FatFs/src/option/ccsbcs.o
LOAD ./Middlewares/Third_Party/FatFs/src/option/syscall.o
START GROUP
LOAD C:/ST/STM32CubeIDE_1.13.2/STM32CubeIDE/plugins/com.st.stm32cube.ide.mcu.externaltools.gnu-tools-for-stm32.11.3.rel1.win32_1.1.1.202309131626/tools/bin/../lib/gcc/arm-none-eabi/11.3.1/../../../../arm-none-eabi/lib/thumb/v7e-m+fp/hard\libc_nano.a
LOAD C:/ST/STM32CubeIDE_1.13.2/STM32CubeIDE/plugins/com.st.stm32cube.ide.mcu.externaltools.gnu-tools-for-stm32.11.3.rel1.win32_1.1.1.202309131626/tools/bin/../lib/gcc/arm-none-eabi/11.3.1/../../../../arm-none-eabi/lib/thumb/v7e-m+fp/hard\libm.a
END GROUP
START GROUP
LOAD C:/ST/STM32CubeIDE_1.13.2/STM32CubeIDE/plugins/com.st.stm32cube.ide.mcu.externaltools.gnu-tools-for-stm32.11.3.rel1.win32_1.1.1.202309131626/tools/bin/../lib/gcc/arm-none-eabi/11.3.1/thumb/v7e-m+fp/hard\libgcc.a
LOAD C:/ST/STM32CubeIDE_1.13.2/STM32CubeIDE/plugins/com.st.stm32cube.ide.mcu.externaltools.gnu-tools-for-stm32.11.3.rel1.win32_1.1.1.202309131626/tools/bin/../lib/gcc/arm-none-eabi/11.3.1/../../../../arm-none-eabi/lib/thumb/v7e-m+fp/hard\libc_nano.a
END GROUP
START GROUP
LOAD C:/ST/STM32CubeIDE_1.13.2/STM32CubeIDE/plugins/com.st.stm32cube.ide.mcu.externaltools.gnu-tools-for-stm32.11.3.rel1.win32_1.1.1.202309131626/tools/bin/../lib/gcc/arm-none-eabi/11.3.1/thumb/v7e-m+fp/hard\libgcc.a
LOAD C:/ST/STM32CubeIDE_1.13.2/STM32CubeIDE/plugins/com.st.stm32cube.ide.mcu.externaltools.gnu-tools-for-stm32.11.3.rel1.win32_1.1.1.202309131626/tools/bin/../lib/gcc/arm-none-eabi/11.3.1/../../../../arm-none-eabi/lib/thumb/v7e-m+fp/hard\libc_nano.a
LOAD C:/ST/STM32CubeIDE_1.13.2/STM32CubeIDE/plugins/com.st.stm32cube.ide.mcu.externaltools.gnu-tools-for-stm32.11.3.rel1.win32_1.1.1.202309131626/tools/bin/../lib/gcc/arm-none-eabi/11.3.1/../../../../arm-none-eabi/lib/thumb/v7e-m+fp/hard\libnosys.a
END GROUP
START GROUP
LOAD C:/ST/STM32CubeIDE_1.13.2/STM32CubeIDE/plugins/com.st.stm32cube.ide.mcu.externaltools.gnu-tools-for-stm32.11.3.rel1.win32_1.1.1.202309131626/tools/bin/../lib/gcc/arm-none-eabi/11.3.1/thumb/v7e-m+fp/hard\libgcc.a
LOAD C:/ST/STM32CubeIDE_1.13.2/STM32CubeIDE/plugins/com.st.stm32cube.ide.mcu.externaltools.gnu-tools-for-stm32.11.3.rel1.win32_1.1.1.202309131626/tools/bin/../lib/gcc/arm-none-eabi/11.3.1/../../../../arm-none-eabi/lib/thumb/v7e-m+fp/hard\libc_nano.a
LOAD C:/ST/STM32CubeIDE_1.13.2/STM32CubeIDE/plugins/com.st.stm32cube.ide.mcu.externaltools.gnu-tools-for-stm32.11.3.rel1.win32_1.1.1.202309131626/tools/bin/../lib/gcc/arm-none-eabi/11.3.1/../../../../arm-none-eabi/lib/thumb/v7e-m+fp/hard\libnosys.a
END GROUP
LOAD C:/ST/STM32CubeIDE_1.13.2/STM32CubeIDE/plugins/com.st.stm32cube.ide.mcu.externaltools.gnu-tools-for-stm32.11.3.rel1.win32_1.1.1.202309131626/tools/bin/../lib/gcc/arm-none-eabi/11.3.1/thumb/v7e-m+fp/hard/crtend.o
LOAD C:/ST/STM32CubeIDE_1.13.2/STM32CubeIDE/plugins/com.st.stm32cube.ide.mcu.externaltools.gnu-tools-for-stm32.11.3.rel1.win32_1.1.1.202309131626/tools/bin/../lib/gcc/arm-none-eabi/11.3.1/thumb/v7e-m+fp/hard/crtn.o
                0x0000000020050000                _estack = (ORIGIN (RAM) + LENGTH (RAM))
                0x0000000000000200                _Min_Heap_Size = 0x200
                0x0000000000000400                _Min_Stack_Size = 0x400

.isr_vector     0x0000000008000000      0x1c8
                0x0000000008000000                . = ALIGN (0x4)
 *(.isr_vector)
 .isr_vector    0x0000000008000000      0x1c8 ./Core/Startup/startup_stm32f746zgtx.o
                0x0000000008000000                g_pfnVectors
                0x00000000080001c8                . = ALIGN (0x4)

.text           0x00000000080001d0     0xe704
                0x00000000080001d0                . = ALIGN (0x4)
 *(.text)
 .text          0x00000000080001d0       0x40 C:/ST/STM32CubeIDE_1.13.2/STM32CubeIDE/plugins/com.st.stm32cube.ide.mcu.externaltools.gnu-tools-for-stm32.11.3.rel1.win32_1.1.1.202309131626/tools/bin/../lib/gcc/arm-none-eabi/11.3.1/thumb/v7e-m+fp/hard/crtbegin.o
 .text          0x0000000008000210       0xa0 C:/ST/STM32CubeIDE_1.13.2/STM32CubeIDE/plugins/com.st.stm32cube.ide.mcu.externaltools.gnu-tools-for-stm32.11.3.rel1.win32_1.1.1.202309131626/tools/bin/../lib/gcc/arm-none-eabi/11.3.1/../../../../arm-none-eabi/lib/thumb/v7e-m+fp/hard\libc_nano.a(libc_a-memchr.o)
                0x0000000008000210                memchr
 .text          0x00000000080002b0      0x378 C:/ST/STM32CubeIDE_1.13.2/STM32CubeIDE/plugins/com.st.stm32cube.ide.mcu.externaltools.gnu-tools-for-stm32.11.3.rel1.win32_1.1.1.202309131626/tools/bin/../lib/gcc/arm-none-eabi/11.3.1/thumb/v7e-m+fp/hard\libgcc.a(_arm_addsubdf3.o)
                0x00000000080002b0                __aeabi_drsub
                0x00000000080002b8                __aeabi_dsub
                0x00000000080002b8                __subdf3
                0x00000000080002bc                __aeabi_dadd
                0x00000000080002bc                __adddf3
                0x0000000008000534                __floatunsidf
                0x0000000008000534                __aeabi_ui2d
                0x0000000008000554                __floatsidf
                0x0000000008000554                __aeabi_i2d
                0x0000000008000578                __aeabi_f2d
                0x0000000008000578                __extendsfdf2
                0x00000000080005bc                __floatundidf
                0x00000000080005bc                __aeabi_ul2d
                0x00000000080005cc                __floatdidf
                0x00000000080005cc                __aeabi_l2d
 .text          0x0000000008000628      0x424 C:/ST/STM32CubeIDE_1.13.2/STM32CubeIDE/plugins/com.st.stm32cube.ide.mcu.externaltools.gnu-tools-for-stm32.11.3.rel1.win32_1.1.1.202309131626/tools/bin/../lib/gcc/arm-none-eabi/11.3.1/thumb/v7e-m+fp/hard\libgcc.a(_arm_muldivdf3.o)
                0x0000000008000628                __aeabi_dmul
                0x0000000008000628                __muldf3
                0x000000000800087c                __divdf3
                0x000000000800087c                __aeabi_ddiv
 .text          0x0000000008000a4c      0x110 C:/ST/STM32CubeIDE_1.13.2/STM32CubeIDE/plugins/com.st.stm32cube.ide.mcu.externaltools.gnu-tools-for-stm32.11.3.rel1.win32_1.1.1.202309131626/tools/bin/../lib/gcc/arm-none-eabi/11.3.1/thumb/v7e-m+fp/hard\libgcc.a(_arm_cmpdf2.o)
                0x0000000008000a4c                __gtdf2
                0x0000000008000a4c                __gedf2
                0x0000000008000a54                __ltdf2
                0x0000000008000a54                __ledf2
                0x0000000008000a5c                __nedf2
                0x0000000008000a5c                __eqdf2
                0x0000000008000a5c                __cmpdf2
                0x0000000008000ad8                __aeabi_cdrcmple
                0x0000000008000ae8                __aeabi_cdcmpeq
                0x0000000008000ae8                __aeabi_cdcmple
                0x0000000008000af8                __aeabi_dcmpeq
                0x0000000008000b0c                __aeabi_dcmplt
                0x0000000008000b20                __aeabi_dcmple
                0x0000000008000b34                __aeabi_dcmpge
                0x0000000008000b48                __aeabi_dcmpgt
 .text          0x0000000008000b5c       0x50 C:/ST/STM32CubeIDE_1.13.2/STM32CubeIDE/plugins/com.st.stm32cube.ide.mcu.externaltools.gnu-tools-for-stm32.11.3.rel1.win32_1.1.1.202309131626/tools/bin/../lib/gcc/arm-none-eabi/11.3.1/thumb/v7e-m+fp/hard\libgcc.a(_arm_fixdfsi.o)
                0x0000000008000b5c                __aeabi_d2iz
                0x0000000008000b5c                __fixdfsi
 .text          0x0000000008000bac       0x40 C:/ST/STM32CubeIDE_1.13.2/STM32CubeIDE/plugins/com.st.stm32cube.ide.mcu.externaltools.gnu-tools-for-stm32.11.3.rel1.win32_1.1.1.202309131626/tools/bin/../lib/gcc/arm-none-eabi/11.3.1/thumb/v7e-m+fp/hard\libgcc.a(_arm_fixunsdfsi.o)
                0x0000000008000bac                __aeabi_d2uiz
                0x0000000008000bac                __fixunsdfsi
 .text          0x0000000008000bec       0xa0 C:/ST/STM32CubeIDE_1.13.2/STM32CubeIDE/plugins/com.st.stm32cube.ide.mcu.externaltools.gnu-tools-for-stm32.11.3.rel1.win32_1.1.1.202309131626/tools/bin/../lib/gcc/arm-none-eabi/11.3.1/thumb/v7e-m+fp/hard\libgcc.a(_arm_truncdfsf2.o)
                0x0000000008000bec                __truncdfsf2
                0x0000000008000bec                __aeabi_d2f
 .text          0x0000000008000c8c       0x30 C:/ST/STM32CubeIDE_1.13.2/STM32CubeIDE/plugins/com.st.stm32cube.ide.mcu.externaltools.gnu-tools-for-stm32.11.3.rel1.win32_1.1.1.202309131626/tools/bin/../lib/gcc/arm-none-eabi/11.3.1/thumb/v7e-m+fp/hard\libgcc.a(_aeabi_uldivmod.o)
                0x0000000008000c8c                __aeabi_uldivmod
 .text          0x0000000008000cbc      0x2c8 C:/ST/STM32CubeIDE_1.13.2/STM32CubeIDE/plugins/com.st.stm32cube.ide.mcu.externaltools.gnu-tools-for-stm32.11.3.rel1.win32_1.1.1.202309131626/tools/bin/../lib/gcc/arm-none-eabi/11.3.1/thumb/v7e-m+fp/hard\libgcc.a(_udivmoddi4.o)
                0x0000000008000cbc                __udivmoddi4
 .text          0x0000000008000f84        0x4 C:/ST/STM32CubeIDE_1.13.2/STM32CubeIDE/plugins/com.st.stm32cube.ide.mcu.externaltools.gnu-tools-for-stm32.11.3.rel1.win32_1.1.1.202309131626/tools/bin/../lib/gcc/arm-none-eabi/11.3.1/thumb/v7e-m+fp/hard\libgcc.a(_dvmd_tls.o)
                0x0000000008000f84                __aeabi_idiv0
                0x0000000008000f84                __aeabi_ldiv0
 *(.text*)
 .text.bmp2_init
                0x0000000008000f88       0x56 ./Components/Src/bmp2.o
                0x0000000008000f88                bmp2_init
 .text.bmp2_get_regs
                0x0000000008000fde       0x70 ./Components/Src/bmp2.o
                0x0000000008000fde                bmp2_get_regs
 .text.bmp2_set_regs
                0x000000000800104e       0xe4 ./Components/Src/bmp2.o
                0x000000000800104e                bmp2_set_regs
 .text.bmp2_soft_reset
                0x0000000008001132       0x30 ./Components/Src/bmp2.o
                0x0000000008001132                bmp2_soft_reset
 .text.bmp2_get_config
                0x0000000008001162       0x80 ./Components/Src/bmp2.o
                0x0000000008001162                bmp2_get_config
 .text.bmp2_set_config
                0x00000000080011e2       0x1e ./Components/Src/bmp2.o
                0x00000000080011e2                bmp2_set_config
 .text.bmp2_get_status
                0x0000000008001200       0x58 ./Components/Src/bmp2.o
                0x0000000008001200                bmp2_get_status
 .text.bmp2_set_power_mode
                0x0000000008001258       0x2a ./Components/Src/bmp2.o
                0x0000000008001258                bmp2_set_power_mode
 .text.bmp2_get_sensor_data
                0x0000000008001282       0x7c ./Components/Src/bmp2.o
                0x0000000008001282                bmp2_get_sensor_data
 .text.bmp2_compensate_data
                0x00000000080012fe       0x82 ./Components/Src/bmp2.o
                0x00000000080012fe                bmp2_compensate_data
 .text.bmp2_compute_meas_time
                0x0000000008001380       0xa4 ./Components/Src/bmp2.o
                0x0000000008001380                bmp2_compute_meas_time
 .text.null_ptr_check
                0x0000000008001424       0x40 ./Components/Src/bmp2.o
 .text.interleave_data
                0x0000000008001464       0x56 ./Components/Src/bmp2.o
 .text.get_calib_param
                0x00000000080014ba      0x136 ./Components/Src/bmp2.o
 .text.conf_sensor
                0x00000000080015f0      0x118 ./Components/Src/bmp2.o
 .text.set_os_mode
                0x0000000008001708      0x138 ./Components/Src/bmp2.o
 .text.parse_sensor_data
                0x0000000008001840       0x86 ./Components/Src/bmp2.o
 *fill*         0x00000000080018c6        0x2 
 .text.compensate_temperature
                0x00000000080018c8      0x1ec ./Components/Src/bmp2.o
 *fill*         0x0000000008001ab4        0x4 
 .text.compensate_pressure
                0x0000000008001ab8      0x3c8 ./Components/Src/bmp2.o
 .text.st_check_boundaries
                0x0000000008001e80       0x8c ./Components/Src/bmp2.o
 .text.BMP2_Init
                0x0000000008001f0c       0x70 ./Components/Src/bmp2_config.o
                0x0000000008001f0c                BMP2_Init
 .text.bmp2_spi_read
                0x0000000008001f7c       0x80 ./Components/Src/bmp2_config.o
                0x0000000008001f7c                bmp2_spi_read
 .text.bmp2_spi_write
                0x0000000008001ffc       0x80 ./Components/Src/bmp2_config.o
                0x0000000008001ffc                bmp2_spi_write
 .text.bmp2_delay_us
                0x000000000800207c       0x28 ./Components/Src/bmp2_config.o
                0x000000000800207c                bmp2_delay_us
 .text.BMP2_ReadData
                0x00000000080020a4       0xc8 ./Components/Src/bmp2_config.o
                0x00000000080020a4                BMP2_ReadData
 .text.MX_ADC1_Init
                0x000000000800216c       0xa4 ./Core/Src/adc.o
                0x000000000800216c                MX_ADC1_Init
 .text.HAL_ADC_MspInit
                0x0000000008002210       0xf8 ./Core/Src/adc.o
                0x0000000008002210                HAL_ADC_MspInit
 .text.MX_DMA_Init
                0x0000000008002308       0x3c ./Core/Src/dma.o
                0x0000000008002308                MX_DMA_Init
 .text.SELECT   0x0000000008002344       0x1c ./Core/Src/fatfs_sd.o
 .text.DESELECT
                0x0000000008002360       0x1c ./Core/Src/fatfs_sd.o
 .text.SPI_TxByte
                0x000000000800237c       0x34 ./Core/Src/fatfs_sd.o
 .text.SPI_TxBuffer
                0x00000000080023b0       0x34 ./Core/Src/fatfs_sd.o
 .text.SPI_RxByte
                0x00000000080023e4       0x38 ./Core/Src/fatfs_sd.o
 .text.SPI_RxBytePtr
                0x000000000800241c       0x1c ./Core/Src/fatfs_sd.o
 .text.SD_ReadyWait
                0x0000000008002438       0x34 ./Core/Src/fatfs_sd.o
 .text.SD_PowerOn
                0x000000000800246c       0x84 ./Core/Src/fatfs_sd.o
 .text.SD_PowerOff
                0x00000000080024f0       0x18 ./Core/Src/fatfs_sd.o
 .text.SD_CheckPower
                0x0000000008002508       0x18 ./Core/Src/fatfs_sd.o
 .text.SD_RxDataBlock
                0x0000000008002520       0x5c ./Core/Src/fatfs_sd.o
 .text.SD_TxDataBlock
                0x000000000800257c       0x86 ./Core/Src/fatfs_sd.o
 .text.SD_SendCmd
                0x0000000008002602       0xa8 ./Core/Src/fatfs_sd.o
 *fill*         0x00000000080026aa        0x2 
 .text.SD_disk_initialize
                0x00000000080026ac      0x1cc ./Core/Src/fatfs_sd.o
                0x00000000080026ac                SD_disk_initialize
 .text.SD_disk_status
                0x0000000008002878       0x2c ./Core/Src/fatfs_sd.o
                0x0000000008002878                SD_disk_status
 .text.SD_disk_read
                0x00000000080028a4       0xd4 ./Core/Src/fatfs_sd.o
                0x00000000080028a4                SD_disk_read
 .text.SD_disk_write
                0x0000000008002978      0x108 ./Core/Src/fatfs_sd.o
                0x0000000008002978                SD_disk_write
 .text.SD_disk_ioctl
                0x0000000008002a80      0x258 ./Core/Src/fatfs_sd.o
                0x0000000008002a80                SD_disk_ioctl
 .text.MX_GPIO_Init
                0x0000000008002cd8      0x30c ./Core/Src/gpio.o
                0x0000000008002cd8                MX_GPIO_Init
 .text.MX_I2C1_Init
                0x0000000008002fe4       0x80 ./Core/Src/i2c.o
                0x0000000008002fe4                MX_I2C1_Init
 .text.HAL_I2C_MspInit
                0x0000000008003064       0xc0 ./Core/Src/i2c.o
                0x0000000008003064                HAL_I2C_MspInit
 .text.lcd_init
                0x0000000008003124       0x8c ./Core/Src/lcd_i2c.o
                0x0000000008003124                lcd_init
 .text.lcd_write
                0x00000000080031b0       0x84 ./Core/Src/lcd_i2c.o
                0x00000000080031b0                lcd_write
 .text.lcd_display
                0x0000000008003234       0xc4 ./Core/Src/lcd_i2c.o
                0x0000000008003234                lcd_display
 .text.lcd_clear
                0x00000000080032f8       0x36 ./Core/Src/lcd_i2c.o
                0x00000000080032f8                lcd_clear
 *fill*         0x000000000800332e        0x2 
 .text.lcd_prog
                0x0000000008003330       0x7c ./Core/Src/lcd_i2c.o
                0x0000000008003330                lcd_prog
 *fill*         0x00000000080033ac        0x4 
 .text.HAL_TIM_PeriodElapsedCallback
                0x00000000080033b0      0x1e8 ./Core/Src/main.o
                0x00000000080033b0                HAL_TIM_PeriodElapsedCallback
 .text.wypelnienie1
                0x0000000008003598       0x2c ./Core/Src/main.o
                0x0000000008003598                wypelnienie1
 .text.wypelnienie2
                0x00000000080035c4       0x2c ./Core/Src/main.o
                0x00000000080035c4                wypelnienie2
 .text.HAL_UART_RxCpltCallback
                0x00000000080035f0       0x88 ./Core/Src/main.o
                0x00000000080035f0                HAL_UART_RxCpltCallback
 .text.display_function
                0x0000000008003678       0xd8 ./Core/Src/main.o
                0x0000000008003678                display_function
 .text.main     0x0000000008003750      0x220 ./Core/Src/main.o
                0x0000000008003750                main
 .text.SystemClock_Config
                0x0000000008003970       0xdc ./Core/Src/main.o
                0x0000000008003970                SystemClock_Config
 .text.Error_Handler
                0x0000000008003a4c        0xa ./Core/Src/main.o
                0x0000000008003a4c                Error_Handler
 .text.calculate_discrete_pid
                0x0000000008003a56      0x102 ./Core/Src/pid_regulator.o
                0x0000000008003a56                calculate_discrete_pid
 .text.MX_SPI1_Init
                0x0000000008003b58       0x7c ./Core/Src/spi.o
                0x0000000008003b58                MX_SPI1_Init
 .text.MX_SPI4_Init
                0x0000000008003bd4       0x7c ./Core/Src/spi.o
                0x0000000008003bd4                MX_SPI4_Init
 .text.HAL_SPI_MspInit
                0x0000000008003c50      0x128 ./Core/Src/spi.o
                0x0000000008003c50                HAL_SPI_MspInit
 .text.HAL_MspInit
                0x0000000008003d78       0x48 ./Core/Src/stm32f7xx_hal_msp.o
                0x0000000008003d78                HAL_MspInit
 .text.NMI_Handler
                0x0000000008003dc0        0x6 ./Core/Src/stm32f7xx_it.o
                0x0000000008003dc0                NMI_Handler
 .text.HardFault_Handler
                0x0000000008003dc6        0x6 ./Core/Src/stm32f7xx_it.o
                0x0000000008003dc6                HardFault_Handler
 .text.MemManage_Handler
                0x0000000008003dcc        0x6 ./Core/Src/stm32f7xx_it.o
                0x0000000008003dcc                MemManage_Handler
 .text.BusFault_Handler
                0x0000000008003dd2        0x6 ./Core/Src/stm32f7xx_it.o
                0x0000000008003dd2                BusFault_Handler
 .text.UsageFault_Handler
                0x0000000008003dd8        0x6 ./Core/Src/stm32f7xx_it.o
                0x0000000008003dd8                UsageFault_Handler
 .text.SVC_Handler
                0x0000000008003dde        0xe ./Core/Src/stm32f7xx_it.o
                0x0000000008003dde                SVC_Handler
 .text.DebugMon_Handler
                0x0000000008003dec        0xe ./Core/Src/stm32f7xx_it.o
                0x0000000008003dec                DebugMon_Handler
 .text.PendSV_Handler
                0x0000000008003dfa        0xe ./Core/Src/stm32f7xx_it.o
                0x0000000008003dfa                PendSV_Handler
 .text.SysTick_Handler
                0x0000000008003e08       0x40 ./Core/Src/stm32f7xx_it.o
                0x0000000008003e08                SysTick_Handler
 .text.ADC_IRQHandler
                0x0000000008003e48       0x14 ./Core/Src/stm32f7xx_it.o
                0x0000000008003e48                ADC_IRQHandler
 .text.TIM2_IRQHandler
                0x0000000008003e5c       0x14 ./Core/Src/stm32f7xx_it.o
                0x0000000008003e5c                TIM2_IRQHandler
 .text.TIM3_IRQHandler
                0x0000000008003e70       0x14 ./Core/Src/stm32f7xx_it.o
                0x0000000008003e70                TIM3_IRQHandler
 .text.TIM4_IRQHandler
                0x0000000008003e84       0x14 ./Core/Src/stm32f7xx_it.o
                0x0000000008003e84                TIM4_IRQHandler
 .text.USART3_IRQHandler
                0x0000000008003e98       0x14 ./Core/Src/stm32f7xx_it.o
                0x0000000008003e98                USART3_IRQHandler
 .text.TIM7_IRQHandler
                0x0000000008003eac       0x14 ./Core/Src/stm32f7xx_it.o
                0x0000000008003eac                TIM7_IRQHandler
 .text.DMA2_Stream0_IRQHandler
                0x0000000008003ec0       0x14 ./Core/Src/stm32f7xx_it.o
                0x0000000008003ec0                DMA2_Stream0_IRQHandler
 .text._sbrk    0x0000000008003ed4       0x6c ./Core/Src/sysmem.o
                0x0000000008003ed4                _sbrk
 .text.SystemInit
                0x0000000008003f40       0x24 ./Core/Src/system_stm32f7xx.o
                0x0000000008003f40                SystemInit
 .text.MX_TIM2_Init
                0x0000000008003f64       0x9c ./Core/Src/tim.o
                0x0000000008003f64                MX_TIM2_Init
 .text.MX_TIM3_Init
                0x0000000008004000      0x10c ./Core/Src/tim.o
                0x0000000008004000                MX_TIM3_Init
 .text.MX_TIM4_Init
                0x000000000800410c       0xf0 ./Core/Src/tim.o
                0x000000000800410c                MX_TIM4_Init
 .text.MX_TIM7_Init
                0x00000000080041fc       0x70 ./Core/Src/tim.o
                0x00000000080041fc                MX_TIM7_Init
 .text.HAL_TIM_Base_MspInit
                0x000000000800426c       0xf0 ./Core/Src/tim.o
                0x000000000800426c                HAL_TIM_Base_MspInit
 .text.HAL_TIM_MspPostInit
                0x000000000800435c       0xc0 ./Core/Src/tim.o
                0x000000000800435c                HAL_TIM_MspPostInit
 .text.MX_USART3_UART_Init
                0x000000000800441c       0x60 ./Core/Src/usart.o
                0x000000000800441c                MX_USART3_UART_Init
 .text.HAL_UART_MspInit
                0x000000000800447c       0xd0 ./Core/Src/usart.o
                0x000000000800447c                HAL_UART_MspInit
 .text.Reset_Handler
                0x000000000800454c       0x50 ./Core/Startup/startup_stm32f746zgtx.o
                0x000000000800454c                Reset_Handler
 .text.Default_Handler
                0x000000000800459c        0x2 ./Core/Startup/startup_stm32f746zgtx.o
                0x000000000800459c                RTC_Alarm_IRQHandler
                0x000000000800459c                EXTI2_IRQHandler
                0x000000000800459c                TIM8_CC_IRQHandler
                0x000000000800459c                UART8_IRQHandler
                0x000000000800459c                SPI4_IRQHandler
                0x000000000800459c                TIM1_CC_IRQHandler
                0x000000000800459c                DMA2_Stream5_IRQHandler
                0x000000000800459c                DMA1_Stream5_IRQHandler
                0x000000000800459c                PVD_IRQHandler
                0x000000000800459c                TAMP_STAMP_IRQHandler
                0x000000000800459c                CAN2_RX1_IRQHandler
                0x000000000800459c                EXTI3_IRQHandler
                0x000000000800459c                TIM8_TRG_COM_TIM14_IRQHandler
                0x000000000800459c                TIM1_UP_TIM10_IRQHandler
                0x000000000800459c                TIM8_UP_TIM13_IRQHandler
                0x000000000800459c                I2C3_ER_IRQHandler
                0x000000000800459c                EXTI0_IRQHandler
                0x000000000800459c                I2C2_EV_IRQHandler
                0x000000000800459c                DMA1_Stream2_IRQHandler
                0x000000000800459c                CAN1_RX0_IRQHandler
                0x000000000800459c                FPU_IRQHandler
                0x000000000800459c                OTG_HS_WKUP_IRQHandler
                0x000000000800459c                LTDC_ER_IRQHandler
                0x000000000800459c                CAN2_SCE_IRQHandler
                0x000000000800459c                DMA2_Stream2_IRQHandler
                0x000000000800459c                SPI1_IRQHandler
                0x000000000800459c                TIM6_DAC_IRQHandler
                0x000000000800459c                TIM1_BRK_TIM9_IRQHandler
                0x000000000800459c                DCMI_IRQHandler
                0x000000000800459c                CAN2_RX0_IRQHandler
                0x000000000800459c                DMA2_Stream3_IRQHandler
                0x000000000800459c                SAI2_IRQHandler
                0x000000000800459c                USART6_IRQHandler
                0x000000000800459c                CAN1_RX1_IRQHandler
                0x000000000800459c                UART5_IRQHandler
                0x000000000800459c                QUADSPI_IRQHandler
                0x000000000800459c                I2C1_EV_IRQHandler
                0x000000000800459c                DMA1_Stream6_IRQHandler
                0x000000000800459c                DMA1_Stream1_IRQHandler
                0x000000000800459c                UART4_IRQHandler
                0x000000000800459c                RCC_IRQHandler
                0x000000000800459c                TIM8_BRK_TIM12_IRQHandler
                0x000000000800459c                Default_Handler
                0x000000000800459c                CEC_IRQHandler
                0x000000000800459c                EXTI15_10_IRQHandler
                0x000000000800459c                DMA1_Stream7_IRQHandler
                0x000000000800459c                SPI5_IRQHandler
                0x000000000800459c                SDMMC1_IRQHandler
                0x000000000800459c                CAN2_TX_IRQHandler
                0x000000000800459c                TIM5_IRQHandler
                0x000000000800459c                DMA2_Stream7_IRQHandler
                0x000000000800459c                I2C3_EV_IRQHandler
                0x000000000800459c                EXTI9_5_IRQHandler
                0x000000000800459c                RTC_WKUP_IRQHandler
                0x000000000800459c                LTDC_IRQHandler
                0x000000000800459c                ETH_WKUP_IRQHandler
                0x000000000800459c                SPDIF_RX_IRQHandler
                0x000000000800459c                SPI2_IRQHandler
                0x000000000800459c                OTG_HS_EP1_IN_IRQHandler
                0x000000000800459c                DMA1_Stream0_IRQHandler
                0x000000000800459c                CAN1_TX_IRQHandler
                0x000000000800459c                EXTI4_IRQHandler
                0x000000000800459c                RNG_IRQHandler
                0x000000000800459c                ETH_IRQHandler
                0x000000000800459c                OTG_HS_EP1_OUT_IRQHandler
                0x000000000800459c                WWDG_IRQHandler
                0x000000000800459c                SPI6_IRQHandler
                0x000000000800459c                I2C4_EV_IRQHandler
                0x000000000800459c                OTG_FS_WKUP_IRQHandler
                0x000000000800459c                TIM1_TRG_COM_TIM11_IRQHandler
                0x000000000800459c                OTG_HS_IRQHandler
                0x000000000800459c                DMA2D_IRQHandler
                0x000000000800459c                EXTI1_IRQHandler
                0x000000000800459c                UART7_IRQHandler
                0x000000000800459c                USART2_IRQHandler
                0x000000000800459c                I2C2_ER_IRQHandler
                0x000000000800459c                DMA2_Stream1_IRQHandler
                0x000000000800459c                CAN1_SCE_IRQHandler
                0x000000000800459c                FLASH_IRQHandler
                0x000000000800459c                DMA2_Stream4_IRQHandler
                0x000000000800459c                USART1_IRQHandler
                0x000000000800459c                OTG_FS_IRQHandler
                0x000000000800459c                SPI3_IRQHandler
                0x000000000800459c                DMA1_Stream4_IRQHandler
                0x000000000800459c                I2C1_ER_IRQHandler
                0x000000000800459c                FMC_IRQHandler
                0x000000000800459c                LPTIM1_IRQHandler
                0x000000000800459c                I2C4_ER_IRQHandler
                0x000000000800459c                DMA2_Stream6_IRQHandler
                0x000000000800459c                SAI1_IRQHandler
                0x000000000800459c                DMA1_Stream3_IRQHandler
 .text.HAL_Init
                0x000000000800459e       0x1a ./Drivers/STM32F7xx_HAL_Driver/Src/stm32f7xx_hal.o
                0x000000000800459e                HAL_Init
 .text.HAL_InitTick
                0x00000000080045b8       0x60 ./Drivers/STM32F7xx_HAL_Driver/Src/stm32f7xx_hal.o
                0x00000000080045b8                HAL_InitTick
 .text.HAL_IncTick
                0x0000000008004618       0x28 ./Drivers/STM32F7xx_HAL_Driver/Src/stm32f7xx_hal.o
                0x0000000008004618                HAL_IncTick
 .text.HAL_GetTick
                0x0000000008004640       0x18 ./Drivers/STM32F7xx_HAL_Driver/Src/stm32f7xx_hal.o
                0x0000000008004640                HAL_GetTick
 .text.HAL_Delay
                0x0000000008004658       0x48 ./Drivers/STM32F7xx_HAL_Driver/Src/stm32f7xx_hal.o
                0x0000000008004658                HAL_Delay
 .text.HAL_ADC_Init
                0x00000000080046a0       0x88 ./Drivers/STM32F7xx_HAL_Driver/Src/stm32f7xx_hal_adc.o
                0x00000000080046a0                HAL_ADC_Init
 .text.HAL_ADC_Start
                0x0000000008004728      0x19c ./Drivers/STM32F7xx_HAL_Driver/Src/stm32f7xx_hal_adc.o
                0x0000000008004728                HAL_ADC_Start
 .text.HAL_ADC_PollForConversion
                0x00000000080048c4      0x116 ./Drivers/STM32F7xx_HAL_Driver/Src/stm32f7xx_hal_adc.o
                0x00000000080048c4                HAL_ADC_PollForConversion
 .text.HAL_ADC_IRQHandler
                0x00000000080049da      0x220 ./Drivers/STM32F7xx_HAL_Driver/Src/stm32f7xx_hal_adc.o
                0x00000000080049da                HAL_ADC_IRQHandler
 .text.HAL_ADC_GetValue
                0x0000000008004bfa       0x1a ./Drivers/STM32F7xx_HAL_Driver/Src/stm32f7xx_hal_adc.o
                0x0000000008004bfa                HAL_ADC_GetValue
 .text.HAL_ADC_ConvCpltCallback
                0x0000000008004c14       0x14 ./Drivers/STM32F7xx_HAL_Driver/Src/stm32f7xx_hal_adc.o
                0x0000000008004c14                HAL_ADC_ConvCpltCallback
 .text.HAL_ADC_LevelOutOfWindowCallback
                0x0000000008004c28       0x14 ./Drivers/STM32F7xx_HAL_Driver/Src/stm32f7xx_hal_adc.o
                0x0000000008004c28                HAL_ADC_LevelOutOfWindowCallback
 .text.HAL_ADC_ErrorCallback
                0x0000000008004c3c       0x14 ./Drivers/STM32F7xx_HAL_Driver/Src/stm32f7xx_hal_adc.o
                0x0000000008004c3c                HAL_ADC_ErrorCallback
 .text.HAL_ADC_ConfigChannel
                0x0000000008004c50      0x2ac ./Drivers/STM32F7xx_HAL_Driver/Src/stm32f7xx_hal_adc.o
                0x0000000008004c50                HAL_ADC_ConfigChannel
 .text.ADC_Init
                0x0000000008004efc      0x1f4 ./Drivers/STM32F7xx_HAL_Driver/Src/stm32f7xx_hal_adc.o
 .text.HAL_ADCEx_InjectedConvCpltCallback
                0x00000000080050f0       0x14 ./Drivers/STM32F7xx_HAL_Driver/Src/stm32f7xx_hal_adc_ex.o
                0x00000000080050f0                HAL_ADCEx_InjectedConvCpltCallback
 .text.__NVIC_SetPriorityGrouping
                0x0000000008005104       0x48 ./Drivers/STM32F7xx_HAL_Driver/Src/stm32f7xx_hal_cortex.o
 .text.__NVIC_GetPriorityGrouping
                0x000000000800514c       0x1c ./Drivers/STM32F7xx_HAL_Driver/Src/stm32f7xx_hal_cortex.o
 .text.__NVIC_EnableIRQ
                0x0000000008005168       0x3c ./Drivers/STM32F7xx_HAL_Driver/Src/stm32f7xx_hal_cortex.o
 .text.__NVIC_SetPriority
                0x00000000080051a4       0x54 ./Drivers/STM32F7xx_HAL_Driver/Src/stm32f7xx_hal_cortex.o
 .text.NVIC_EncodePriority
                0x00000000080051f8       0x66 ./Drivers/STM32F7xx_HAL_Driver/Src/stm32f7xx_hal_cortex.o
 *fill*         0x000000000800525e        0x2 
 .text.SysTick_Config
                0x0000000008005260       0x44 ./Drivers/STM32F7xx_HAL_Driver/Src/stm32f7xx_hal_cortex.o
 .text.HAL_NVIC_SetPriorityGrouping
                0x00000000080052a4       0x16 ./Drivers/STM32F7xx_HAL_Driver/Src/stm32f7xx_hal_cortex.o
                0x00000000080052a4                HAL_NVIC_SetPriorityGrouping
 .text.HAL_NVIC_SetPriority
                0x00000000080052ba       0x38 ./Drivers/STM32F7xx_HAL_Driver/Src/stm32f7xx_hal_cortex.o
                0x00000000080052ba                HAL_NVIC_SetPriority
 .text.HAL_NVIC_EnableIRQ
                0x00000000080052f2       0x1c ./Drivers/STM32F7xx_HAL_Driver/Src/stm32f7xx_hal_cortex.o
                0x00000000080052f2                HAL_NVIC_EnableIRQ
 .text.HAL_SYSTICK_Config
                0x000000000800530e       0x18 ./Drivers/STM32F7xx_HAL_Driver/Src/stm32f7xx_hal_cortex.o
                0x000000000800530e                HAL_SYSTICK_Config
 .text.HAL_SYSTICK_IRQHandler
                0x0000000008005326        0xc ./Drivers/STM32F7xx_HAL_Driver/Src/stm32f7xx_hal_cortex.o
                0x0000000008005326                HAL_SYSTICK_IRQHandler
 .text.HAL_SYSTICK_Callback
                0x0000000008005332        0xe ./Drivers/STM32F7xx_HAL_Driver/Src/stm32f7xx_hal_cortex.o
                0x0000000008005332                HAL_SYSTICK_Callback
 .text.HAL_DMA_Init
                0x0000000008005340      0x15c ./Drivers/STM32F7xx_HAL_Driver/Src/stm32f7xx_hal_dma.o
                0x0000000008005340                HAL_DMA_Init
 .text.HAL_DMA_Abort
                0x000000000800549c       0xe0 ./Drivers/STM32F7xx_HAL_Driver/Src/stm32f7xx_hal_dma.o
                0x000000000800549c                HAL_DMA_Abort
 .text.HAL_DMA_Abort_IT
                0x000000000800557c       0x44 ./Drivers/STM32F7xx_HAL_Driver/Src/stm32f7xx_hal_dma.o
                0x000000000800557c                HAL_DMA_Abort_IT
 .text.HAL_DMA_IRQHandler
                0x00000000080055c0      0x314 ./Drivers/STM32F7xx_HAL_Driver/Src/stm32f7xx_hal_dma.o
                0x00000000080055c0                HAL_DMA_IRQHandler
 .text.DMA_CalcBaseAndBitshift
                0x00000000080058d4       0x6c ./Drivers/STM32F7xx_HAL_Driver/Src/stm32f7xx_hal_dma.o
 .text.DMA_CheckFifoParam
                0x0000000008005940       0xf8 ./Drivers/STM32F7xx_HAL_Driver/Src/stm32f7xx_hal_dma.o
 .text.HAL_GPIO_Init
                0x0000000008005a38      0x358 ./Drivers/STM32F7xx_HAL_Driver/Src/stm32f7xx_hal_gpio.o
                0x0000000008005a38                HAL_GPIO_Init
 .text.HAL_GPIO_WritePin
                0x0000000008005d90       0x32 ./Drivers/STM32F7xx_HAL_Driver/Src/stm32f7xx_hal_gpio.o
                0x0000000008005d90                HAL_GPIO_WritePin
 *fill*         0x0000000008005dc2        0x2 
 .text.HAL_I2C_Init
                0x0000000008005dc4      0x120 ./Drivers/STM32F7xx_HAL_Driver/Src/stm32f7xx_hal_i2c.o
                0x0000000008005dc4                HAL_I2C_Init
 .text.HAL_I2C_Master_Transmit
                0x0000000008005ee4      0x1e8 ./Drivers/STM32F7xx_HAL_Driver/Src/stm32f7xx_hal_i2c.o
                0x0000000008005ee4                HAL_I2C_Master_Transmit
 .text.I2C_Flush_TXDR
                0x00000000080060cc       0x48 ./Drivers/STM32F7xx_HAL_Driver/Src/stm32f7xx_hal_i2c.o
 .text.I2C_WaitOnFlagUntilTimeout
                0x0000000008006114       0x80 ./Drivers/STM32F7xx_HAL_Driver/Src/stm32f7xx_hal_i2c.o
 .text.I2C_WaitOnTXISFlagUntilTimeout
                0x0000000008006194       0x80 ./Drivers/STM32F7xx_HAL_Driver/Src/stm32f7xx_hal_i2c.o
 .text.I2C_WaitOnSTOPFlagUntilTimeout
                0x0000000008006214       0x78 ./Drivers/STM32F7xx_HAL_Driver/Src/stm32f7xx_hal_i2c.o
 .text.I2C_IsErrorOccurred
                0x000000000800628c      0x1c0 ./Drivers/STM32F7xx_HAL_Driver/Src/stm32f7xx_hal_i2c.o
 .text.I2C_TransferConfig
                0x000000000800644c       0x64 ./Drivers/STM32F7xx_HAL_Driver/Src/stm32f7xx_hal_i2c.o
 .text.HAL_I2CEx_ConfigAnalogFilter
                0x00000000080064b0       0x96 ./Drivers/STM32F7xx_HAL_Driver/Src/stm32f7xx_hal_i2c_ex.o
                0x00000000080064b0                HAL_I2CEx_ConfigAnalogFilter
 .text.HAL_I2CEx_ConfigDigitalFilter
                0x0000000008006546       0x98 ./Drivers/STM32F7xx_HAL_Driver/Src/stm32f7xx_hal_i2c_ex.o
                0x0000000008006546                HAL_I2CEx_ConfigDigitalFilter
 *fill*         0x00000000080065de        0x2 
 .text.HAL_PWR_EnableBkUpAccess
                0x00000000080065e0       0x20 ./Drivers/STM32F7xx_HAL_Driver/Src/stm32f7xx_hal_pwr.o
                0x00000000080065e0                HAL_PWR_EnableBkUpAccess
 .text.HAL_PWREx_EnableOverDrive
                0x0000000008006600       0xa0 ./Drivers/STM32F7xx_HAL_Driver/Src/stm32f7xx_hal_pwr_ex.o
                0x0000000008006600                HAL_PWREx_EnableOverDrive
 .text.HAL_RCC_OscConfig
                0x00000000080066a0      0x548 ./Drivers/STM32F7xx_HAL_Driver/Src/stm32f7xx_hal_rcc.o
                0x00000000080066a0                HAL_RCC_OscConfig
 .text.HAL_RCC_ClockConfig
                0x0000000008006be8      0x1d8 ./Drivers/STM32F7xx_HAL_Driver/Src/stm32f7xx_hal_rcc.o
                0x0000000008006be8                HAL_RCC_ClockConfig
 .text.HAL_RCC_GetSysClockFreq
                0x0000000008006dc0      0x20c ./Drivers/STM32F7xx_HAL_Driver/Src/stm32f7xx_hal_rcc.o
                0x0000000008006dc0                HAL_RCC_GetSysClockFreq
 .text.HAL_RCC_GetHCLKFreq
                0x0000000008006fcc       0x18 ./Drivers/STM32F7xx_HAL_Driver/Src/stm32f7xx_hal_rcc.o
                0x0000000008006fcc                HAL_RCC_GetHCLKFreq
 .text.HAL_RCC_GetPCLK1Freq
                0x0000000008006fe4       0x28 ./Drivers/STM32F7xx_HAL_Driver/Src/stm32f7xx_hal_rcc.o
                0x0000000008006fe4                HAL_RCC_GetPCLK1Freq
 .text.HAL_RCC_GetPCLK2Freq
                0x000000000800700c       0x28 ./Drivers/STM32F7xx_HAL_Driver/Src/stm32f7xx_hal_rcc.o
                0x000000000800700c                HAL_RCC_GetPCLK2Freq
 .text.HAL_RCCEx_PeriphCLKConfig
                0x0000000008007034      0x7e0 ./Drivers/STM32F7xx_HAL_Driver/Src/stm32f7xx_hal_rcc_ex.o
                0x0000000008007034                HAL_RCCEx_PeriphCLKConfig
 .text.HAL_SPI_Init
                0x0000000008007814      0x156 ./Drivers/STM32F7xx_HAL_Driver/Src/stm32f7xx_hal_spi.o
                0x0000000008007814                HAL_SPI_Init
 .text.HAL_SPI_Transmit
                0x000000000800796a      0x2dc ./Drivers/STM32F7xx_HAL_Driver/Src/stm32f7xx_hal_spi.o
                0x000000000800796a                HAL_SPI_Transmit
 .text.HAL_SPI_Receive
                0x0000000008007c46      0x260 ./Drivers/STM32F7xx_HAL_Driver/Src/stm32f7xx_hal_spi.o
                0x0000000008007c46                HAL_SPI_Receive
 .text.HAL_SPI_TransmitReceive
                0x0000000008007ea6      0x426 ./Drivers/STM32F7xx_HAL_Driver/Src/stm32f7xx_hal_spi.o
                0x0000000008007ea6                HAL_SPI_TransmitReceive
 .text.SPI_WaitFlagStateUntilTimeout
                0x00000000080082cc      0x110 ./Drivers/STM32F7xx_HAL_Driver/Src/stm32f7xx_hal_spi.o
 .text.SPI_WaitFifoStateUntilTimeout
                0x00000000080083dc      0x12c ./Drivers/STM32F7xx_HAL_Driver/Src/stm32f7xx_hal_spi.o
 .text.SPI_EndRxTransaction
                0x0000000008008508       0xf8 ./Drivers/STM32F7xx_HAL_Driver/Src/stm32f7xx_hal_spi.o
 .text.SPI_EndRxTxTransaction
                0x0000000008008600       0xd4 ./Drivers/STM32F7xx_HAL_Driver/Src/stm32f7xx_hal_spi.o
 .text.HAL_TIM_Base_Init
                0x00000000080086d4       0xae ./Drivers/STM32F7xx_HAL_Driver/Src/stm32f7xx_hal_tim.o
                0x00000000080086d4                HAL_TIM_Base_Init
 *fill*         0x0000000008008782        0x2 
 .text.HAL_TIM_Base_Start_IT
                0x0000000008008784       0xf0 ./Drivers/STM32F7xx_HAL_Driver/Src/stm32f7xx_hal_tim.o
                0x0000000008008784                HAL_TIM_Base_Start_IT
 .text.HAL_TIM_PWM_Init
                0x0000000008008874       0xae ./Drivers/STM32F7xx_HAL_Driver/Src/stm32f7xx_hal_tim.o
                0x0000000008008874                HAL_TIM_PWM_Init
 .text.HAL_TIM_PWM_MspInit
                0x0000000008008922       0x14 ./Drivers/STM32F7xx_HAL_Driver/Src/stm32f7xx_hal_tim.o
                0x0000000008008922                HAL_TIM_PWM_MspInit
 *fill*         0x0000000008008936        0x2 
 .text.HAL_TIM_PWM_Start
                0x0000000008008938      0x1f4 ./Drivers/STM32F7xx_HAL_Driver/Src/stm32f7xx_hal_tim.o
                0x0000000008008938                HAL_TIM_PWM_Start
 .text.HAL_TIM_IRQHandler
                0x0000000008008b2c      0x23e ./Drivers/STM32F7xx_HAL_Driver/Src/stm32f7xx_hal_tim.o
                0x0000000008008b2c                HAL_TIM_IRQHandler
 *fill*         0x0000000008008d6a        0x2 
 .text.HAL_TIM_PWM_ConfigChannel
                0x0000000008008d6c      0x228 ./Drivers/STM32F7xx_HAL_Driver/Src/stm32f7xx_hal_tim.o
                0x0000000008008d6c                HAL_TIM_PWM_ConfigChannel
 .text.HAL_TIM_ConfigClockSource
                0x0000000008008f94      0x194 ./Drivers/STM32F7xx_HAL_Driver/Src/stm32f7xx_hal_tim.o
                0x0000000008008f94                HAL_TIM_ConfigClockSource
 .text.HAL_TIM_OC_DelayElapsedCallback
                0x0000000008009128       0x14 ./Drivers/STM32F7xx_HAL_Driver/Src/stm32f7xx_hal_tim.o
                0x0000000008009128                HAL_TIM_OC_DelayElapsedCallback
 .text.HAL_TIM_IC_CaptureCallback
                0x000000000800913c       0x14 ./Drivers/STM32F7xx_HAL_Driver/Src/stm32f7xx_hal_tim.o
                0x000000000800913c                HAL_TIM_IC_CaptureCallback
 .text.HAL_TIM_PWM_PulseFinishedCallback
                0x0000000008009150       0x14 ./Drivers/STM32F7xx_HAL_Driver/Src/stm32f7xx_hal_tim.o
                0x0000000008009150                HAL_TIM_PWM_PulseFinishedCallback
 .text.HAL_TIM_TriggerCallback
                0x0000000008009164       0x14 ./Drivers/STM32F7xx_HAL_Driver/Src/stm32f7xx_hal_tim.o
                0x0000000008009164                HAL_TIM_TriggerCallback
 .text.TIM_Base_SetConfig
                0x0000000008009178      0x140 ./Drivers/STM32F7xx_HAL_Driver/Src/stm32f7xx_hal_tim.o
                0x0000000008009178                TIM_Base_SetConfig
 .text.TIM_OC1_SetConfig
                0x00000000080092b8       0xe4 ./Drivers/STM32F7xx_HAL_Driver/Src/stm32f7xx_hal_tim.o
 .text.TIM_OC2_SetConfig
                0x000000000800939c       0xf0 ./Drivers/STM32F7xx_HAL_Driver/Src/stm32f7xx_hal_tim.o
                0x000000000800939c                TIM_OC2_SetConfig
 .text.TIM_OC3_SetConfig
                0x000000000800948c       0xec ./Drivers/STM32F7xx_HAL_Driver/Src/stm32f7xx_hal_tim.o
 .text.TIM_OC4_SetConfig
                0x0000000008009578       0xb0 ./Drivers/STM32F7xx_HAL_Driver/Src/stm32f7xx_hal_tim.o
 .text.TIM_OC5_SetConfig
                0x0000000008009628       0xa4 ./Drivers/STM32F7xx_HAL_Driver/Src/stm32f7xx_hal_tim.o
 .text.TIM_OC6_SetConfig
                0x00000000080096cc       0xa8 ./Drivers/STM32F7xx_HAL_Driver/Src/stm32f7xx_hal_tim.o
 .text.TIM_TI1_ConfigInputStage
                0x0000000008009774       0x5e ./Drivers/STM32F7xx_HAL_Driver/Src/stm32f7xx_hal_tim.o
 .text.TIM_TI2_ConfigInputStage
                0x00000000080097d2       0x60 ./Drivers/STM32F7xx_HAL_Driver/Src/stm32f7xx_hal_tim.o
 .text.TIM_ITRx_SetConfig
                0x0000000008009832       0x36 ./Drivers/STM32F7xx_HAL_Driver/Src/stm32f7xx_hal_tim.o
 .text.TIM_ETR_SetConfig
                0x0000000008009868       0x40 ./Drivers/STM32F7xx_HAL_Driver/Src/stm32f7xx_hal_tim.o
                0x0000000008009868                TIM_ETR_SetConfig
 .text.TIM_CCxChannelCmd
                0x00000000080098a8       0x4a ./Drivers/STM32F7xx_HAL_Driver/Src/stm32f7xx_hal_tim.o
                0x00000000080098a8                TIM_CCxChannelCmd
 *fill*         0x00000000080098f2        0x2 
 .text.HAL_TIMEx_MasterConfigSynchronization
                0x00000000080098f4      0x11c ./Drivers/STM32F7xx_HAL_Driver/Src/stm32f7xx_hal_tim_ex.o
                0x00000000080098f4                HAL_TIMEx_MasterConfigSynchronization
 .text.HAL_TIMEx_CommutCallback
                0x0000000008009a10       0x14 ./Drivers/STM32F7xx_HAL_Driver/Src/stm32f7xx_hal_tim_ex.o
                0x0000000008009a10                HAL_TIMEx_CommutCallback
 .text.HAL_TIMEx_BreakCallback
                0x0000000008009a24       0x14 ./Drivers/STM32F7xx_HAL_Driver/Src/stm32f7xx_hal_tim_ex.o
                0x0000000008009a24                HAL_TIMEx_BreakCallback
 .text.HAL_TIMEx_Break2Callback
                0x0000000008009a38       0x14 ./Drivers/STM32F7xx_HAL_Driver/Src/stm32f7xx_hal_tim_ex.o
                0x0000000008009a38                HAL_TIMEx_Break2Callback
 .text.HAL_UART_Init
                0x0000000008009a4c       0x9c ./Drivers/STM32F7xx_HAL_Driver/Src/stm32f7xx_hal_uart.o
                0x0000000008009a4c                HAL_UART_Init
 .text.HAL_UART_Transmit
                0x0000000008009ae8      0x106 ./Drivers/STM32F7xx_HAL_Driver/Src/stm32f7xx_hal_uart.o
                0x0000000008009ae8                HAL_UART_Transmit
 .text.HAL_UART_Receive_IT
                0x0000000008009bee       0x88 ./Drivers/STM32F7xx_HAL_Driver/Src/stm32f7xx_hal_uart.o
                0x0000000008009bee                HAL_UART_Receive_IT
 *fill*         0x0000000008009c76        0x2 
 .text.HAL_UART_IRQHandler
                0x0000000008009c78      0x5a4 ./Drivers/STM32F7xx_HAL_Driver/Src/stm32f7xx_hal_uart.o
                0x0000000008009c78                HAL_UART_IRQHandler
 .text.HAL_UART_TxCpltCallback
                0x000000000800a21c       0x14 ./Drivers/STM32F7xx_HAL_Driver/Src/stm32f7xx_hal_uart.o
                0x000000000800a21c                HAL_UART_TxCpltCallback
 .text.HAL_UART_ErrorCallback
                0x000000000800a230       0x14 ./Drivers/STM32F7xx_HAL_Driver/Src/stm32f7xx_hal_uart.o
                0x000000000800a230                HAL_UART_ErrorCallback
 .text.HAL_UARTEx_RxEventCallback
                0x000000000800a244       0x18 ./Drivers/STM32F7xx_HAL_Driver/Src/stm32f7xx_hal_uart.o
                0x000000000800a244                HAL_UARTEx_RxEventCallback
 .text.UART_SetConfig
                0x000000000800a25c      0x4c8 ./Drivers/STM32F7xx_HAL_Driver/Src/stm32f7xx_hal_uart.o
                0x000000000800a25c                UART_SetConfig
 .text.UART_AdvFeatureConfig
                0x000000000800a724      0x144 ./Drivers/STM32F7xx_HAL_Driver/Src/stm32f7xx_hal_uart.o
                0x000000000800a724                UART_AdvFeatureConfig
 .text.UART_CheckIdleState
                0x000000000800a868       0x6e ./Drivers/STM32F7xx_HAL_Driver/Src/stm32f7xx_hal_uart.o
                0x000000000800a868                UART_CheckIdleState
 .text.UART_WaitOnFlagUntilTimeout
                0x000000000800a8d6      0x18c ./Drivers/STM32F7xx_HAL_Driver/Src/stm32f7xx_hal_uart.o
                0x000000000800a8d6                UART_WaitOnFlagUntilTimeout
 *fill*         0x000000000800aa62        0x2 
 .text.UART_Start_Receive_IT
                0x000000000800aa64      0x18c ./Drivers/STM32F7xx_HAL_Driver/Src/stm32f7xx_hal_uart.o
                0x000000000800aa64                UART_Start_Receive_IT
 .text.UART_EndRxTransfer
                0x000000000800abf0       0xc8 ./Drivers/STM32F7xx_HAL_Driver/Src/stm32f7xx_hal_uart.o
 .text.UART_DMAAbortOnError
                0x000000000800acb8       0x2c ./Drivers/STM32F7xx_HAL_Driver/Src/stm32f7xx_hal_uart.o
 .text.UART_EndTransmit_IT
                0x000000000800ace4       0x54 ./Drivers/STM32F7xx_HAL_Driver/Src/stm32f7xx_hal_uart.o
 .text.UART_RxISR_8BIT
                0x000000000800ad38      0x166 ./Drivers/STM32F7xx_HAL_Driver/Src/stm32f7xx_hal_uart.o
 .text.UART_RxISR_16BIT
                0x000000000800ae9e      0x166 ./Drivers/STM32F7xx_HAL_Driver/Src/stm32f7xx_hal_uart.o
 .text.MX_FATFS_Init
                0x000000000800b004       0x24 ./FATFS/App/fatfs.o
                0x000000000800b004                MX_FATFS_Init
 .text.get_fattime
                0x000000000800b028       0x10 ./FATFS/App/fatfs.o
                0x000000000800b028                get_fattime
 .text.USER_initialize
                0x000000000800b038       0x1c ./FATFS/Target/user_diskio.o
                0x000000000800b038                USER_initialize
 .text.USER_status
                0x000000000800b054       0x1c ./FATFS/Target/user_diskio.o
                0x000000000800b054                USER_status
 .text.USER_read
                0x000000000800b070       0x26 ./FATFS/Target/user_diskio.o
                0x000000000800b070                USER_read
 .text.USER_write
                0x000000000800b096       0x26 ./FATFS/Target/user_diskio.o
                0x000000000800b096                USER_write
 .text.USER_ioctl
                0x000000000800b0bc       0x26 ./FATFS/Target/user_diskio.o
                0x000000000800b0bc                USER_ioctl
 *fill*         0x000000000800b0e2        0x2 
 .text.disk_status
                0x000000000800b0e4       0x34 ./Middlewares/Third_Party/FatFs/src/diskio.o
                0x000000000800b0e4                disk_status
 .text.disk_initialize
                0x000000000800b118       0x4c ./Middlewares/Third_Party/FatFs/src/diskio.o
                0x000000000800b118                disk_initialize
 .text.disk_read
                0x000000000800b164       0x40 ./Middlewares/Third_Party/FatFs/src/diskio.o
                0x000000000800b164                disk_read
 .text.disk_write
                0x000000000800b1a4       0x40 ./Middlewares/Third_Party/FatFs/src/diskio.o
                0x000000000800b1a4                disk_write
 .text.disk_ioctl
                0x000000000800b1e4       0x3c ./Middlewares/Third_Party/FatFs/src/diskio.o
                0x000000000800b1e4                disk_ioctl
 .text.ld_word  0x000000000800b220       0x30 ./Middlewares/Third_Party/FatFs/src/ff.o
 .text.ld_dword
                0x000000000800b250       0x46 ./Middlewares/Third_Party/FatFs/src/ff.o
 .text.st_word  0x000000000800b296       0x36 ./Middlewares/Third_Party/FatFs/src/ff.o
 .text.st_dword
                0x000000000800b2cc       0x58 ./Middlewares/Third_Party/FatFs/src/ff.o
 .text.mem_cpy  0x000000000800b324       0x42 ./Middlewares/Third_Party/FatFs/src/ff.o
 .text.mem_set  0x000000000800b366       0x36 ./Middlewares/Third_Party/FatFs/src/ff.o
 .text.mem_cmp  0x000000000800b39c       0x4e ./Middlewares/Third_Party/FatFs/src/ff.o
 .text.chk_chr  0x000000000800b3ea       0x36 ./Middlewares/Third_Party/FatFs/src/ff.o
 .text.chk_lock
                0x000000000800b420       0xb8 ./Middlewares/Third_Party/FatFs/src/ff.o
 .text.enq_lock
                0x000000000800b4d8       0x44 ./Middlewares/Third_Party/FatFs/src/ff.o
 .text.inc_lock
                0x000000000800b51c      0x11c ./Middlewares/Third_Party/FatFs/src/ff.o
 .text.dec_lock
                0x000000000800b638       0x78 ./Middlewares/Third_Party/FatFs/src/ff.o
 .text.clear_lock
                0x000000000800b6b0       0x48 ./Middlewares/Third_Party/FatFs/src/ff.o
 .text.sync_window
                0x000000000800b6f8       0x88 ./Middlewares/Third_Party/FatFs/src/ff.o
 .text.move_window
                0x000000000800b780       0x5a ./Middlewares/Third_Party/FatFs/src/ff.o
 *fill*         0x000000000800b7da        0x2 
 .text.sync_fs  0x000000000800b7dc       0xe0 ./Middlewares/Third_Party/FatFs/src/ff.o
 .text.clust2sect
                0x000000000800b8bc       0x3e ./Middlewares/Third_Party/FatFs/src/ff.o
 .text.get_fat  0x000000000800b8fa      0x1a8 ./Middlewares/Third_Party/FatFs/src/ff.o
 .text.put_fat  0x000000000800baa2      0x234 ./Middlewares/Third_Party/FatFs/src/ff.o
 .text.remove_chain
                0x000000000800bcd6       0xca ./Middlewares/Third_Party/FatFs/src/ff.o
 .text.create_chain
                0x000000000800bda0      0x130 ./Middlewares/Third_Party/FatFs/src/ff.o
 .text.clmt_clust
                0x000000000800bed0       0x70 ./Middlewares/Third_Party/FatFs/src/ff.o
 .text.dir_sdi  0x000000000800bf40      0x112 ./Middlewares/Third_Party/FatFs/src/ff.o
 .text.dir_next
                0x000000000800c052      0x1ac ./Middlewares/Third_Party/FatFs/src/ff.o
 .text.dir_alloc
                0x000000000800c1fe       0x8e ./Middlewares/Third_Party/FatFs/src/ff.o
 .text.ld_clust
                0x000000000800c28c       0x3e ./Middlewares/Third_Party/FatFs/src/ff.o
 .text.st_clust
                0x000000000800c2ca       0x40 ./Middlewares/Third_Party/FatFs/src/ff.o
 *fill*         0x000000000800c30a        0x2 
 .text.cmp_lfn  0x000000000800c30c       0xe0 ./Middlewares/Third_Party/FatFs/src/ff.o
 .text.put_lfn  0x000000000800c3ec       0xd0 ./Middlewares/Third_Party/FatFs/src/ff.o
 .text.gen_numname
                0x000000000800c4bc      0x11c ./Middlewares/Third_Party/FatFs/src/ff.o
 .text.sum_sfn  0x000000000800c5d8       0x42 ./Middlewares/Third_Party/FatFs/src/ff.o
 .text.dir_find
                0x000000000800c61a      0x180 ./Middlewares/Third_Party/FatFs/src/ff.o
 *fill*         0x000000000800c79a        0x2 
 .text.dir_register
                0x000000000800c79c      0x1f0 ./Middlewares/Third_Party/FatFs/src/ff.o
 .text.create_name
                0x000000000800c98c      0x370 ./Middlewares/Third_Party/FatFs/src/ff.o
 .text.follow_path
                0x000000000800ccfc       0xec ./Middlewares/Third_Party/FatFs/src/ff.o
 .text.get_ldnumber
                0x000000000800cde8       0x88 ./Middlewares/Third_Party/FatFs/src/ff.o
 .text.check_fs
                0x000000000800ce70       0xac ./Middlewares/Third_Party/FatFs/src/ff.o
 .text.find_volume
                0x000000000800cf1c      0x50c ./Middlewares/Third_Party/FatFs/src/ff.o
 .text.validate
                0x000000000800d428       0x6a ./Middlewares/Third_Party/FatFs/src/ff.o
 *fill*         0x000000000800d492        0x2 
 .text.f_mount  0x000000000800d494       0x8c ./Middlewares/Third_Party/FatFs/src/ff.o
                0x000000000800d494                f_mount
 .text.f_open   0x000000000800d520      0x398 ./Middlewares/Third_Party/FatFs/src/ff.o
                0x000000000800d520                f_open
 .text.f_write  0x000000000800d8b8      0x328 ./Middlewares/Third_Party/FatFs/src/ff.o
                0x000000000800d8b8                f_write
 .text.f_sync   0x000000000800dbe0       0xfc ./Middlewares/Third_Party/FatFs/src/ff.o
                0x000000000800dbe0                f_sync
 .text.f_close  0x000000000800dcdc       0x54 ./Middlewares/Third_Party/FatFs/src/ff.o
                0x000000000800dcdc                f_close
 .text.FATFS_LinkDriverEx
                0x000000000800dd30       0x98 ./Middlewares/Third_Party/FatFs/src/ff_gen_drv.o
                0x000000000800dd30                FATFS_LinkDriverEx
 .text.FATFS_LinkDriver
                0x000000000800ddc8       0x1e ./Middlewares/Third_Party/FatFs/src/ff_gen_drv.o
                0x000000000800ddc8                FATFS_LinkDriver
 *fill*         0x000000000800dde6        0x2 
 .text.ff_convert
                0x000000000800dde8       0x78 ./Middlewares/Third_Party/FatFs/src/option/ccsbcs.o
                0x000000000800dde8                ff_convert
 .text.ff_wtoupper
                0x000000000800de60      0x114 ./Middlewares/Third_Party/FatFs/src/option/ccsbcs.o
                0x000000000800de60                ff_wtoupper
 .text.sprintf  0x000000000800df74       0x40 C:/ST/STM32CubeIDE_1.13.2/STM32CubeIDE/plugins/com.st.stm32cube.ide.mcu.externaltools.gnu-tools-for-stm32.11.3.rel1.win32_1.1.1.202309131626/tools/bin/../lib/gcc/arm-none-eabi/11.3.1/../../../../arm-none-eabi/lib/thumb/v7e-m+fp/hard\libc_nano.a(libc_a-sprintf.o)
                0x000000000800df74                siprintf
                0x000000000800df74                sprintf
 .text.memset   0x000000000800dfb4       0x10 C:/ST/STM32CubeIDE_1.13.2/STM32CubeIDE/plugins/com.st.stm32cube.ide.mcu.externaltools.gnu-tools-for-stm32.11.3.rel1.win32_1.1.1.202309131626/tools/bin/../lib/gcc/arm-none-eabi/11.3.1/../../../../arm-none-eabi/lib/thumb/v7e-m+fp/hard\libc_nano.a(libc_a-memset.o)
                0x000000000800dfb4                memset
 .text.__errno  0x000000000800dfc4        0xc C:/ST/STM32CubeIDE_1.13.2/STM32CubeIDE/plugins/com.st.stm32cube.ide.mcu.externaltools.gnu-tools-for-stm32.11.3.rel1.win32_1.1.1.202309131626/tools/bin/../lib/gcc/arm-none-eabi/11.3.1/../../../../arm-none-eabi/lib/thumb/v7e-m+fp/hard\libc_nano.a(libc_a-errno.o)
                0x000000000800dfc4                __errno
 .text.__libc_init_array
                0x000000000800dfd0       0x48 C:/ST/STM32CubeIDE_1.13.2/STM32CubeIDE/plugins/com.st.stm32cube.ide.mcu.externaltools.gnu-tools-for-stm32.11.3.rel1.win32_1.1.1.202309131626/tools/bin/../lib/gcc/arm-none-eabi/11.3.1/../../../../arm-none-eabi/lib/thumb/v7e-m+fp/hard\libc_nano.a(libc_a-init.o)
                0x000000000800dfd0                __libc_init_array
 .text.__retarget_lock_acquire_recursive
                0x000000000800e018        0x2 C:/ST/STM32CubeIDE_1.13.2/STM32CubeIDE/plugins/com.st.stm32cube.ide.mcu.externaltools.gnu-tools-for-stm32.11.3.rel1.win32_1.1.1.202309131626/tools/bin/../lib/gcc/arm-none-eabi/11.3.1/../../../../arm-none-eabi/lib/thumb/v7e-m+fp/hard\libc_nano.a(libc_a-lock.o)
                0x000000000800e018                __retarget_lock_acquire_recursive
 .text.__retarget_lock_release_recursive
                0x000000000800e01a        0x2 C:/ST/STM32CubeIDE_1.13.2/STM32CubeIDE/plugins/com.st.stm32cube.ide.mcu.externaltools.gnu-tools-for-stm32.11.3.rel1.win32_1.1.1.202309131626/tools/bin/../lib/gcc/arm-none-eabi/11.3.1/../../../../arm-none-eabi/lib/thumb/v7e-m+fp/hard\libc_nano.a(libc_a-lock.o)
                0x000000000800e01a                __retarget_lock_release_recursive
 .text._free_r  0x000000000800e01c       0x98 C:/ST/STM32CubeIDE_1.13.2/STM32CubeIDE/plugins/com.st.stm32cube.ide.mcu.externaltools.gnu-tools-for-stm32.11.3.rel1.win32_1.1.1.202309131626/tools/bin/../lib/gcc/arm-none-eabi/11.3.1/../../../../arm-none-eabi/lib/thumb/v7e-m+fp/hard\libc_nano.a(libc_a-freer.o)
                0x000000000800e01c                _free_r
 .text.sbrk_aligned
                0x000000000800e0b4       0x40 C:/ST/STM32CubeIDE_1.13.2/STM32CubeIDE/plugins/com.st.stm32cube.ide.mcu.externaltools.gnu-tools-for-stm32.11.3.rel1.win32_1.1.1.202309131626/tools/bin/../lib/gcc/arm-none-eabi/11.3.1/../../../../arm-none-eabi/lib/thumb/v7e-m+fp/hard\libc_nano.a(libc_a-mallocr.o)
 .text._malloc_r
                0x000000000800e0f4      0x100 C:/ST/STM32CubeIDE_1.13.2/STM32CubeIDE/plugins/com.st.stm32cube.ide.mcu.externaltools.gnu-tools-for-stm32.11.3.rel1.win32_1.1.1.202309131626/tools/bin/../lib/gcc/arm-none-eabi/11.3.1/../../../../arm-none-eabi/lib/thumb/v7e-m+fp/hard\libc_nano.a(libc_a-mallocr.o)
                0x000000000800e0f4                _malloc_r
 .text.__malloc_lock
                0x000000000800e1f4        0xc C:/ST/STM32CubeIDE_1.13.2/STM32CubeIDE/plugins/com.st.stm32cube.ide.mcu.externaltools.gnu-tools-for-stm32.11.3.rel1.win32_1.1.1.202309131626/tools/bin/../lib/gcc/arm-none-eabi/11.3.1/../../../../arm-none-eabi/lib/thumb/v7e-m+fp/hard\libc_nano.a(libc_a-mlock.o)
                0x000000000800e1f4                __malloc_lock
 .text.__malloc_unlock
                0x000000000800e200        0xc C:/ST/STM32CubeIDE_1.13.2/STM32CubeIDE/plugins/com.st.stm32cube.ide.mcu.externaltools.gnu-tools-for-stm32.11.3.rel1.win32_1.1.1.202309131626/tools/bin/../lib/gcc/arm-none-eabi/11.3.1/../../../../arm-none-eabi/lib/thumb/v7e-m+fp/hard\libc_nano.a(libc_a-mlock.o)
                0x000000000800e200                __malloc_unlock
 .text.__ssputs_r
                0x000000000800e20c       0xb4 C:/ST/STM32CubeIDE_1.13.2/STM32CubeIDE/plugins/com.st.stm32cube.ide.mcu.externaltools.gnu-tools-for-stm32.11.3.rel1.win32_1.1.1.202309131626/tools/bin/../lib/gcc/arm-none-eabi/11.3.1/../../../../arm-none-eabi/lib/thumb/v7e-m+fp/hard\libc_nano.a(libc_a-nano-svfprintf.o)
                0x000000000800e20c                __ssputs_r
 .text._svfprintf_r
                0x000000000800e2c0      0x1fc C:/ST/STM32CubeIDE_1.13.2/STM32CubeIDE/plugins/com.st.stm32cube.ide.mcu.externaltools.gnu-tools-for-stm32.11.3.rel1.win32_1.1.1.202309131626/tools/bin/../lib/gcc/arm-none-eabi/11.3.1/../../../../arm-none-eabi/lib/thumb/v7e-m+fp/hard\libc_nano.a(libc_a-nano-svfprintf.o)
                0x000000000800e2c0                _svfiprintf_r
                0x000000000800e2c0                _svfprintf_r
 .text._printf_common
                0x000000000800e4bc       0xda C:/ST/STM32CubeIDE_1.13.2/STM32CubeIDE/plugins/com.st.stm32cube.ide.mcu.externaltools.gnu-tools-for-stm32.11.3.rel1.win32_1.1.1.202309131626/tools/bin/../lib/gcc/arm-none-eabi/11.3.1/../../../../arm-none-eabi/lib/thumb/v7e-m+fp/hard\libc_nano.a(libc_a-nano-vfprintf_i.o)
                0x000000000800e4bc                _printf_common
 *fill*         0x000000000800e596        0x2 
 .text._printf_i
                0x000000000800e598      0x244 C:/ST/STM32CubeIDE_1.13.2/STM32CubeIDE/plugins/com.st.stm32cube.ide.mcu.externaltools.gnu-tools-for-stm32.11.3.rel1.win32_1.1.1.202309131626/tools/bin/../lib/gcc/arm-none-eabi/11.3.1/../../../../arm-none-eabi/lib/thumb/v7e-m+fp/hard\libc_nano.a(libc_a-nano-vfprintf_i.o)
                0x000000000800e598                _printf_i
 .text.memmove  0x000000000800e7dc       0x34 C:/ST/STM32CubeIDE_1.13.2/STM32CubeIDE/plugins/com.st.stm32cube.ide.mcu.externaltools.gnu-tools-for-stm32.11.3.rel1.win32_1.1.1.202309131626/tools/bin/../lib/gcc/arm-none-eabi/11.3.1/../../../../arm-none-eabi/lib/thumb/v7e-m+fp/hard\libc_nano.a(libc_a-memmove.o)
                0x000000000800e7dc                memmove
 .text._sbrk_r  0x000000000800e810       0x20 C:/ST/STM32CubeIDE_1.13.2/STM32CubeIDE/plugins/com.st.stm32cube.ide.mcu.externaltools.gnu-tools-for-stm32.11.3.rel1.win32_1.1.1.202309131626/tools/bin/../lib/gcc/arm-none-eabi/11.3.1/../../../../arm-none-eabi/lib/thumb/v7e-m+fp/hard\libc_nano.a(libc_a-sbrkr.o)
                0x000000000800e810                _sbrk_r
 .text.memcpy   0x000000000800e830       0x1c C:/ST/STM32CubeIDE_1.13.2/STM32CubeIDE/plugins/com.st.stm32cube.ide.mcu.externaltools.gnu-tools-for-stm32.11.3.rel1.win32_1.1.1.202309131626/tools/bin/../lib/gcc/arm-none-eabi/11.3.1/../../../../arm-none-eabi/lib/thumb/v7e-m+fp/hard\libc_nano.a(libc_a-memcpy-stub.o)
                0x000000000800e830                memcpy
 .text._realloc_r
                0x000000000800e84c       0x5e C:/ST/STM32CubeIDE_1.13.2/STM32CubeIDE/plugins/com.st.stm32cube.ide.mcu.externaltools.gnu-tools-for-stm32.11.3.rel1.win32_1.1.1.202309131626/tools/bin/../lib/gcc/arm-none-eabi/11.3.1/../../../../arm-none-eabi/lib/thumb/v7e-m+fp/hard\libc_nano.a(libc_a-reallocr.o)
                0x000000000800e84c                _realloc_r
 .text._malloc_usable_size_r
                0x000000000800e8aa       0x10 C:/ST/STM32CubeIDE_1.13.2/STM32CubeIDE/plugins/com.st.stm32cube.ide.mcu.externaltools.gnu-tools-for-stm32.11.3.rel1.win32_1.1.1.202309131626/tools/bin/../lib/gcc/arm-none-eabi/11.3.1/../../../../arm-none-eabi/lib/thumb/v7e-m+fp/hard\libc_nano.a(libc_a-msizer.o)
                0x000000000800e8aa                _malloc_usable_size_r
 *(.glue_7)
 .glue_7        0x000000000800e8ba        0x0 linker stubs
 *(.glue_7t)
 .glue_7t       0x000000000800e8ba        0x0 linker stubs
 *(.eh_frame)
 *fill*         0x000000000800e8ba        0x2 
 .eh_frame      0x000000000800e8bc        0x0 C:/ST/STM32CubeIDE_1.13.2/STM32CubeIDE/plugins/com.st.stm32cube.ide.mcu.externaltools.gnu-tools-for-stm32.11.3.rel1.win32_1.1.1.202309131626/tools/bin/../lib/gcc/arm-none-eabi/11.3.1/thumb/v7e-m+fp/hard/crtbegin.o
 *(.init)
 .init          0x000000000800e8bc        0x4 C:/ST/STM32CubeIDE_1.13.2/STM32CubeIDE/plugins/com.st.stm32cube.ide.mcu.externaltools.gnu-tools-for-stm32.11.3.rel1.win32_1.1.1.202309131626/tools/bin/../lib/gcc/arm-none-eabi/11.3.1/thumb/v7e-m+fp/hard/crti.o
                0x000000000800e8bc                _init
 .init          0x000000000800e8c0        0x8 C:/ST/STM32CubeIDE_1.13.2/STM32CubeIDE/plugins/com.st.stm32cube.ide.mcu.externaltools.gnu-tools-for-stm32.11.3.rel1.win32_1.1.1.202309131626/tools/bin/../lib/gcc/arm-none-eabi/11.3.1/thumb/v7e-m+fp/hard/crtn.o
 *(.fini)
 .fini          0x000000000800e8c8        0x4 C:/ST/STM32CubeIDE_1.13.2/STM32CubeIDE/plugins/com.st.stm32cube.ide.mcu.externaltools.gnu-tools-for-stm32.11.3.rel1.win32_1.1.1.202309131626/tools/bin/../lib/gcc/arm-none-eabi/11.3.1/thumb/v7e-m+fp/hard/crti.o
                0x000000000800e8c8                _fini
 .fini          0x000000000800e8cc        0x8 C:/ST/STM32CubeIDE_1.13.2/STM32CubeIDE/plugins/com.st.stm32cube.ide.mcu.externaltools.gnu-tools-for-stm32.11.3.rel1.win32_1.1.1.202309131626/tools/bin/../lib/gcc/arm-none-eabi/11.3.1/thumb/v7e-m+fp/hard/crtn.o
                0x000000000800e8d4                . = ALIGN (0x4)
                0x000000000800e8d4                _etext = .

.vfp11_veneer   0x000000000800e8d4        0x0
 .vfp11_veneer  0x000000000800e8d4        0x0 linker stubs

.v4_bx          0x000000000800e8d4        0x0
 .v4_bx         0x000000000800e8d4        0x0 linker stubs

.iplt           0x000000000800e8d4        0x0
 .iplt          0x000000000800e8d4        0x0 C:/ST/STM32CubeIDE_1.13.2/STM32CubeIDE/plugins/com.st.stm32cube.ide.mcu.externaltools.gnu-tools-for-stm32.11.3.rel1.win32_1.1.1.202309131626/tools/bin/../lib/gcc/arm-none-eabi/11.3.1/thumb/v7e-m+fp/hard/crtbegin.o

.rodata         0x000000000800e8d4      0x594
                0x000000000800e8d4                . = ALIGN (0x4)
 *(.rodata)
 .rodata        0x000000000800e8d4       0x34 ./Components/Src/bmp2.o
 .rodata        0x000000000800e908       0x83 ./Core/Src/main.o
 *fill*         0x000000000800e98b        0x1 
 .rodata        0x000000000800e98c       0x48 ./Middlewares/Third_Party/FatFs/src/ff.o
 *(.rodata*)
 .rodata.AHBPrescTable
                0x000000000800e9d4       0x10 ./Core/Src/system_stm32f7xx.o
                0x000000000800e9d4                AHBPrescTable
 .rodata.APBPrescTable
                0x000000000800e9e4        0x8 ./Core/Src/system_stm32f7xx.o
                0x000000000800e9e4                APBPrescTable
 .rodata.flagBitshiftOffset.0
                0x000000000800e9ec        0x8 ./Drivers/STM32F7xx_HAL_Driver/Src/stm32f7xx_hal_dma.o
 .rodata.ExCvt  0x000000000800e9f4       0x80 ./Middlewares/Third_Party/FatFs/src/ff.o
 .rodata.LfnOfs
                0x000000000800ea74        0xd ./Middlewares/Third_Party/FatFs/src/ff.o
 *fill*         0x000000000800ea81        0x3 
 .rodata.Tbl    0x000000000800ea84      0x100 ./Middlewares/Third_Party/FatFs/src/option/ccsbcs.o
 .rodata.cvt1.1
                0x000000000800eb84      0x1f2 ./Middlewares/Third_Party/FatFs/src/option/ccsbcs.o
 *fill*         0x000000000800ed76        0x2 
 .rodata.cvt2.0
                0x000000000800ed78       0xbc ./Middlewares/Third_Party/FatFs/src/option/ccsbcs.o
 .rodata._svfprintf_r.str1.1
                0x000000000800ee34       0x11 C:/ST/STM32CubeIDE_1.13.2/STM32CubeIDE/plugins/com.st.stm32cube.ide.mcu.externaltools.gnu-tools-for-stm32.11.3.rel1.win32_1.1.1.202309131626/tools/bin/../lib/gcc/arm-none-eabi/11.3.1/../../../../arm-none-eabi/lib/thumb/v7e-m+fp/hard\libc_nano.a(libc_a-nano-svfprintf.o)
 .rodata._printf_i.str1.1
                0x000000000800ee45       0x22 C:/ST/STM32CubeIDE_1.13.2/STM32CubeIDE/plugins/com.st.stm32cube.ide.mcu.externaltools.gnu-tools-for-stm32.11.3.rel1.win32_1.1.1.202309131626/tools/bin/../lib/gcc/arm-none-eabi/11.3.1/../../../../arm-none-eabi/lib/thumb/v7e-m+fp/hard\libc_nano.a(libc_a-nano-vfprintf_i.o)
                0x000000000800ee68                . = ALIGN (0x4)
 *fill*         0x000000000800ee67        0x1 

.ARM.extab      0x000000000800ee68        0x0
                0x000000000800ee68                . = ALIGN (0x4)
 *(.ARM.extab* .gnu.linkonce.armextab.*)
                0x000000000800ee68                . = ALIGN (0x4)

.ARM            0x000000000800ee68        0x8
                0x000000000800ee68                . = ALIGN (0x4)
                0x000000000800ee68                __exidx_start = .
 *(.ARM.exidx*)
 .ARM.exidx     0x000000000800ee68        0x8 C:/ST/STM32CubeIDE_1.13.2/STM32CubeIDE/plugins/com.st.stm32cube.ide.mcu.externaltools.gnu-tools-for-stm32.11.3.rel1.win32_1.1.1.202309131626/tools/bin/../lib/gcc/arm-none-eabi/11.3.1/thumb/v7e-m+fp/hard\libgcc.a(_udivmoddi4.o)
                0x000000000800ee70                __exidx_end = .
                0x000000000800ee70                . = ALIGN (0x4)

.rel.dyn        0x000000000800ee70        0x0
 .rel.iplt      0x000000000800ee70        0x0 C:/ST/STM32CubeIDE_1.13.2/STM32CubeIDE/plugins/com.st.stm32cube.ide.mcu.externaltools.gnu-tools-for-stm32.11.3.rel1.win32_1.1.1.202309131626/tools/bin/../lib/gcc/arm-none-eabi/11.3.1/thumb/v7e-m+fp/hard/crtbegin.o

.preinit_array  0x000000000800ee70        0x0
                0x000000000800ee70                . = ALIGN (0x4)
                0x000000000800ee70                PROVIDE (__preinit_array_start = .)
 *(.preinit_array*)
                0x000000000800ee70                PROVIDE (__preinit_array_end = .)
                0x000000000800ee70                . = ALIGN (0x4)

.init_array     0x000000000800ee70        0x4
                0x000000000800ee70                . = ALIGN (0x4)
                0x000000000800ee70                PROVIDE (__init_array_start = .)
 *(SORT_BY_NAME(.init_array.*))
 *(.init_array*)
 .init_array    0x000000000800ee70        0x4 C:/ST/STM32CubeIDE_1.13.2/STM32CubeIDE/plugins/com.st.stm32cube.ide.mcu.externaltools.gnu-tools-for-stm32.11.3.rel1.win32_1.1.1.202309131626/tools/bin/../lib/gcc/arm-none-eabi/11.3.1/thumb/v7e-m+fp/hard/crtbegin.o
                0x000000000800ee74                PROVIDE (__init_array_end = .)
                0x000000000800ee74                . = ALIGN (0x4)

.fini_array     0x000000000800ee74        0x4
                0x000000000800ee74                . = ALIGN (0x4)
                [!provide]                        PROVIDE (__fini_array_start = .)
 *(SORT_BY_NAME(.fini_array.*))
 *(.fini_array*)
 .fini_array    0x000000000800ee74        0x4 C:/ST/STM32CubeIDE_1.13.2/STM32CubeIDE/plugins/com.st.stm32cube.ide.mcu.externaltools.gnu-tools-for-stm32.11.3.rel1.win32_1.1.1.202309131626/tools/bin/../lib/gcc/arm-none-eabi/11.3.1/thumb/v7e-m+fp/hard/crtbegin.o
                [!provide]                        PROVIDE (__fini_array_end = .)
                0x000000000800ee78                . = ALIGN (0x4)
                0x000000000800ee78                _sidata = LOADADDR (.data)

.data           0x0000000020000000      0x138 load address 0x000000000800ee78
                0x0000000020000000                . = ALIGN (0x4)
                0x0000000020000000                _sdata = .
 *(.data)
 *(.data*)
 .data.hbmp2    0x0000000020000000       0x18 ./Components/Src/bmp2_config.o
                0x0000000020000000                hbmp2
 .data.bmp2dev  0x0000000020000018       0x3c ./Components/Src/bmp2_config.o
                0x0000000020000018                bmp2dev
 .data.Stat     0x0000000020000054        0x1 ./Core/Src/fatfs_sd.o
 *fill*         0x0000000020000055        0x3 
 .data.user_chars
                0x0000000020000058       0x40 ./Core/Src/lcd_i2c.o
                0x0000000020000058                user_chars
 .data.time_counter
                0x0000000020000098        0x4 ./Core/Src/main.o
                0x0000000020000098                time_counter
 .data.word     0x000000002000009c        0x4 ./Core/Src/main.o
                0x000000002000009c                word
 .data.fanControlTest
                0x00000000200000a0        0x4 ./Core/Src/main.o
                0x00000000200000a0                fanControlTest
 .data.fanControlTestDriven
                0x00000000200000a4        0x4 ./Core/Src/main.o
                0x00000000200000a4                fanControlTestDriven
 .data.zadane_obiektu
                0x00000000200000a8        0x4 ./Core/Src/main.o
                0x00000000200000a8                zadane_obiektu
 .data.powitanie
                0x00000000200000ac        0x4 ./Core/Src/main.o
                0x00000000200000ac                powitanie
 .data.pid1     0x00000000200000b0       0x18 ./Core/Src/main.o
                0x00000000200000b0                pid1
 .data.SystemCoreClock
                0x00000000200000c8        0x4 ./Core/Src/system_stm32f7xx.o
                0x00000000200000c8                SystemCoreClock
 .data.uwTickPrio
                0x00000000200000cc        0x4 ./Drivers/STM32F7xx_HAL_Driver/Src/stm32f7xx_hal.o
                0x00000000200000cc                uwTickPrio
 .data.uwTickFreq
                0x00000000200000d0        0x1 ./Drivers/STM32F7xx_HAL_Driver/Src/stm32f7xx_hal.o
                0x00000000200000d0                uwTickFreq
 *fill*         0x00000000200000d1        0x3 
 .data.USER_Driver
                0x00000000200000d4       0x14 ./FATFS/Target/user_diskio.o
                0x00000000200000d4                USER_Driver
 .data._impure_data
                0x00000000200000e8       0x4c C:/ST/STM32CubeIDE_1.13.2/STM32CubeIDE/plugins/com.st.stm32cube.ide.mcu.externaltools.gnu-tools-for-stm32.11.3.rel1.win32_1.1.1.202309131626/tools/bin/../lib/gcc/arm-none-eabi/11.3.1/../../../../arm-none-eabi/lib/thumb/v7e-m+fp/hard\libc_nano.a(libc_a-impure.o)
                0x00000000200000e8                _impure_data
 .data._impure_ptr
                0x0000000020000134        0x4 C:/ST/STM32CubeIDE_1.13.2/STM32CubeIDE/plugins/com.st.stm32cube.ide.mcu.externaltools.gnu-tools-for-stm32.11.3.rel1.win32_1.1.1.202309131626/tools/bin/../lib/gcc/arm-none-eabi/11.3.1/../../../../arm-none-eabi/lib/thumb/v7e-m+fp/hard\libc_nano.a(libc_a-impure.o)
                0x0000000020000134                _impure_ptr
 *(.RamFunc)
 *(.RamFunc*)
                0x0000000020000138                . = ALIGN (0x4)
                0x0000000020000138                _edata = .

.igot.plt       0x0000000020000138        0x0 load address 0x000000000800efb0
 .igot.plt      0x0000000020000138        0x0 C:/ST/STM32CubeIDE_1.13.2/STM32CubeIDE/plugins/com.st.stm32cube.ide.mcu.externaltools.gnu-tools-for-stm32.11.3.rel1.win32_1.1.1.202309131626/tools/bin/../lib/gcc/arm-none-eabi/11.3.1/thumb/v7e-m+fp/hard/crtbegin.o
                0x0000000020000138                . = ALIGN (0x4)

.bss            0x0000000020000138     0x27e0 load address 0x000000000800efb0
                0x0000000020000138                _sbss = .
                0x0000000020000138                __bss_start__ = _sbss
 *(.bss)
 .bss           0x0000000020000138       0x1c C:/ST/STM32CubeIDE_1.13.2/STM32CubeIDE/plugins/com.st.stm32cube.ide.mcu.externaltools.gnu-tools-for-stm32.11.3.rel1.win32_1.1.1.202309131626/tools/bin/../lib/gcc/arm-none-eabi/11.3.1/thumb/v7e-m+fp/hard/crtbegin.o
 *(.bss*)
 .bss.hadc1     0x0000000020000154       0x48 ./Core/Src/adc.o
                0x0000000020000154                hadc1
 .bss.hdma_adc1
                0x000000002000019c       0x60 ./Core/Src/adc.o
                0x000000002000019c                hdma_adc1
 .bss.Timer1    0x00000000200001fc        0x2 ./Core/Src/fatfs_sd.o
                0x00000000200001fc                Timer1
 .bss.Timer2    0x00000000200001fe        0x2 ./Core/Src/fatfs_sd.o
                0x00000000200001fe                Timer2
 .bss.CardType  0x0000000020000200        0x1 ./Core/Src/fatfs_sd.o
 .bss.PowerFlag
                0x0000000020000201        0x1 ./Core/Src/fatfs_sd.o
 *fill*         0x0000000020000202        0x2 
 .bss.hi2c1     0x0000000020000204       0x54 ./Core/Src/i2c.o
                0x0000000020000204                hi2c1
 .bss.fs        0x0000000020000258     0x1038 ./Core/Src/main.o
                0x0000000020000258                fs
 .bss.fil       0x0000000020001290     0x1030 ./Core/Src/main.o
                0x0000000020001290                fil
 .bss.temp      0x00000000200022c0        0x8 ./Core/Src/main.o
                0x00000000200022c0                temp
 .bss.temp_int  0x00000000200022c8        0x4 ./Core/Src/main.o
                0x00000000200022c8                temp_int
 .bss.zadane_rezystora
                0x00000000200022cc        0x4 ./Core/Src/main.o
                0x00000000200022cc                zadane_rezystora
 .bss.zadane_wiatraka
                0x00000000200022d0        0x4 ./Core/Src/main.o
                0x00000000200022d0                zadane_wiatraka
 .bss.current_temp
                0x00000000200022d4        0x4 ./Core/Src/main.o
                0x00000000200022d4                current_temp
 .bss.readValue_potencjometr
                0x00000000200022d8        0x2 ./Core/Src/main.o
                0x00000000200022d8                readValue_potencjometr
 *fill*         0x00000000200022da        0x2 
 .bss.disp      0x00000000200022dc       0x24 ./Core/Src/main.o
                0x00000000200022dc                disp
 .bss.sd_card_operation_flag
                0x0000000020002300        0x1 ./Core/Src/main.o
                0x0000000020002300                sd_card_operation_flag
 *fill*         0x0000000020002301        0x3 
 .bss.value     0x0000000020002304        0x4 ./Core/Src/main.o
                0x0000000020002304                value
 .bss.cnt.0     0x0000000020002308        0x4 ./Core/Src/main.o
 .bss.hspi1     0x000000002000230c       0x64 ./Core/Src/spi.o
                0x000000002000230c                hspi1
 .bss.hspi4     0x0000000020002370       0x64 ./Core/Src/spi.o
                0x0000000020002370                hspi4
 .bss.__sbrk_heap_end
                0x00000000200023d4        0x4 ./Core/Src/sysmem.o
 .bss.htim2     0x00000000200023d8       0x4c ./Core/Src/tim.o
                0x00000000200023d8                htim2
 .bss.htim3     0x0000000020002424       0x4c ./Core/Src/tim.o
                0x0000000020002424                htim3
 .bss.htim4     0x0000000020002470       0x4c ./Core/Src/tim.o
                0x0000000020002470                htim4
 .bss.htim7     0x00000000200024bc       0x4c ./Core/Src/tim.o
                0x00000000200024bc                htim7
 .bss.huart3    0x0000000020002508       0x88 ./Core/Src/usart.o
                0x0000000020002508                huart3
 .bss.uwTick    0x0000000020002590        0x4 ./Drivers/STM32F7xx_HAL_Driver/Src/stm32f7xx_hal.o
                0x0000000020002590                uwTick
 .bss.retUSER   0x0000000020002594        0x1 ./FATFS/App/fatfs.o
                0x0000000020002594                retUSER
 *fill*         0x0000000020002595        0x3 
 .bss.USERPath  0x0000000020002598        0x4 ./FATFS/App/fatfs.o
                0x0000000020002598                USERPath
 .bss.FatFs     0x000000002000259c        0x4 ./Middlewares/Third_Party/FatFs/src/ff.o
 .bss.Fsid      0x00000000200025a0        0x2 ./Middlewares/Third_Party/FatFs/src/ff.o
 *fill*         0x00000000200025a2        0x2 
 .bss.Files     0x00000000200025a4       0x20 ./Middlewares/Third_Party/FatFs/src/ff.o
 .bss.LfnBuf    0x00000000200025c4      0x200 ./Middlewares/Third_Party/FatFs/src/ff.o
 .bss.disk      0x00000000200027c4        0xc ./Middlewares/Third_Party/FatFs/src/ff_gen_drv.o
                0x00000000200027c4                disk
 .bss.__sf      0x00000000200027d0      0x138 C:/ST/STM32CubeIDE_1.13.2/STM32CubeIDE/plugins/com.st.stm32cube.ide.mcu.externaltools.gnu-tools-for-stm32.11.3.rel1.win32_1.1.1.202309131626/tools/bin/../lib/gcc/arm-none-eabi/11.3.1/../../../../arm-none-eabi/lib/thumb/v7e-m+fp/hard\libc_nano.a(libc_a-findfp.o)
                0x00000000200027d0                __sf
 .bss.errno     0x0000000020002908        0x4 C:/ST/STM32CubeIDE_1.13.2/STM32CubeIDE/plugins/com.st.stm32cube.ide.mcu.externaltools.gnu-tools-for-stm32.11.3.rel1.win32_1.1.1.202309131626/tools/bin/../lib/gcc/arm-none-eabi/11.3.1/../../../../arm-none-eabi/lib/thumb/v7e-m+fp/hard\libc_nano.a(libc_a-reent.o)
                0x0000000020002908                errno
 .bss.__lock___malloc_recursive_mutex
                0x000000002000290c        0x1 C:/ST/STM32CubeIDE_1.13.2/STM32CubeIDE/plugins/com.st.stm32cube.ide.mcu.externaltools.gnu-tools-for-stm32.11.3.rel1.win32_1.1.1.202309131626/tools/bin/../lib/gcc/arm-none-eabi/11.3.1/../../../../arm-none-eabi/lib/thumb/v7e-m+fp/hard\libc_nano.a(libc_a-lock.o)
                0x000000002000290c                __lock___malloc_recursive_mutex
 *fill*         0x000000002000290d        0x3 
 .bss.__malloc_free_list
                0x0000000020002910        0x4 C:/ST/STM32CubeIDE_1.13.2/STM32CubeIDE/plugins/com.st.stm32cube.ide.mcu.externaltools.gnu-tools-for-stm32.11.3.rel1.win32_1.1.1.202309131626/tools/bin/../lib/gcc/arm-none-eabi/11.3.1/../../../../arm-none-eabi/lib/thumb/v7e-m+fp/hard\libc_nano.a(libc_a-mallocr.o)
                0x0000000020002910                __malloc_free_list
 .bss.__malloc_sbrk_start
                0x0000000020002914        0x4 C:/ST/STM32CubeIDE_1.13.2/STM32CubeIDE/plugins/com.st.stm32cube.ide.mcu.externaltools.gnu-tools-for-stm32.11.3.rel1.win32_1.1.1.202309131626/tools/bin/../lib/gcc/arm-none-eabi/11.3.1/../../../../arm-none-eabi/lib/thumb/v7e-m+fp/hard\libc_nano.a(libc_a-mallocr.o)
                0x0000000020002914                __malloc_sbrk_start
 *(COMMON)
                0x0000000020002918                . = ALIGN (0x4)
                0x0000000020002918                _ebss = .
                0x0000000020002918                __bss_end__ = _ebss

._user_heap_stack
                0x0000000020002918      0x600 load address 0x000000000800efb0
                0x0000000020002918                . = ALIGN (0x8)
                [!provide]                        PROVIDE (end = .)
                0x0000000020002918                PROVIDE (_end = .)
                0x0000000020002b18                . = (. + _Min_Heap_Size)
 *fill*         0x0000000020002918      0x200 
                0x0000000020002f18                . = (. + _Min_Stack_Size)
 *fill*         0x0000000020002b18      0x400 
                0x0000000020002f18                . = ALIGN (0x8)

/DISCARD/
 libc.a(*)
 libm.a(*)
 libgcc.a(*)

.ARM.attributes
                0x0000000000000000       0x30
 *(.ARM.attributes)
 .ARM.attributes
                0x0000000000000000       0x1e C:/ST/STM32CubeIDE_1.13.2/STM32CubeIDE/plugins/com.st.stm32cube.ide.mcu.externaltools.gnu-tools-for-stm32.11.3.rel1.win32_1.1.1.202309131626/tools/bin/../lib/gcc/arm-none-eabi/11.3.1/thumb/v7e-m+fp/hard/crti.o
 .ARM.attributes
                0x000000000000001e       0x34 C:/ST/STM32CubeIDE_1.13.2/STM32CubeIDE/plugins/com.st.stm32cube.ide.mcu.externaltools.gnu-tools-for-stm32.11.3.rel1.win32_1.1.1.202309131626/tools/bin/../lib/gcc/arm-none-eabi/11.3.1/thumb/v7e-m+fp/hard/crtbegin.o
 .ARM.attributes
                0x0000000000000052       0x34 ./Components/Src/bmp2.o
 .ARM.attributes
                0x0000000000000086       0x34 ./Components/Src/bmp2_config.o
 .ARM.attributes
                0x00000000000000ba       0x34 ./Core/Src/adc.o
 .ARM.attributes
                0x00000000000000ee       0x34 ./Core/Src/dma.o
 .ARM.attributes
                0x0000000000000122       0x34 ./Core/Src/fatfs_sd.o
 .ARM.attributes
                0x0000000000000156       0x34 ./Core/Src/gpio.o
 .ARM.attributes
                0x000000000000018a       0x34 ./Core/Src/i2c.o
 .ARM.attributes
                0x00000000000001be       0x34 ./Core/Src/lcd_i2c.o
 .ARM.attributes
                0x00000000000001f2       0x34 ./Core/Src/main.o
 .ARM.attributes
                0x0000000000000226       0x34 ./Core/Src/pid_regulator.o
 .ARM.attributes
                0x000000000000025a       0x34 ./Core/Src/spi.o
 .ARM.attributes
                0x000000000000028e       0x34 ./Core/Src/stm32f7xx_hal_msp.o
 .ARM.attributes
                0x00000000000002c2       0x34 ./Core/Src/stm32f7xx_it.o
 .ARM.attributes
                0x00000000000002f6       0x34 ./Core/Src/sysmem.o
 .ARM.attributes
                0x000000000000032a       0x34 ./Core/Src/system_stm32f7xx.o
 .ARM.attributes
                0x000000000000035e       0x34 ./Core/Src/tim.o
 .ARM.attributes
                0x0000000000000392       0x34 ./Core/Src/usart.o
 .ARM.attributes
                0x00000000000003c6       0x21 ./Core/Startup/startup_stm32f746zgtx.o
 .ARM.attributes
                0x00000000000003e7       0x34 ./Drivers/STM32F7xx_HAL_Driver/Src/stm32f7xx_hal.o
 .ARM.attributes
                0x000000000000041b       0x34 ./Drivers/STM32F7xx_HAL_Driver/Src/stm32f7xx_hal_adc.o
 .ARM.attributes
                0x000000000000044f       0x34 ./Drivers/STM32F7xx_HAL_Driver/Src/stm32f7xx_hal_adc_ex.o
 .ARM.attributes
                0x0000000000000483       0x34 ./Drivers/STM32F7xx_HAL_Driver/Src/stm32f7xx_hal_cortex.o
 .ARM.attributes
                0x00000000000004b7       0x34 ./Drivers/STM32F7xx_HAL_Driver/Src/stm32f7xx_hal_dma.o
 .ARM.attributes
                0x00000000000004eb       0x34 ./Drivers/STM32F7xx_HAL_Driver/Src/stm32f7xx_hal_gpio.o
 .ARM.attributes
                0x000000000000051f       0x34 ./Drivers/STM32F7xx_HAL_Driver/Src/stm32f7xx_hal_i2c.o
 .ARM.attributes
                0x0000000000000553       0x34 ./Drivers/STM32F7xx_HAL_Driver/Src/stm32f7xx_hal_i2c_ex.o
 .ARM.attributes
                0x0000000000000587       0x34 ./Drivers/STM32F7xx_HAL_Driver/Src/stm32f7xx_hal_pwr.o
 .ARM.attributes
                0x00000000000005bb       0x34 ./Drivers/STM32F7xx_HAL_Driver/Src/stm32f7xx_hal_pwr_ex.o
 .ARM.attributes
                0x00000000000005ef       0x34 ./Drivers/STM32F7xx_HAL_Driver/Src/stm32f7xx_hal_rcc.o
 .ARM.attributes
                0x0000000000000623       0x34 ./Drivers/STM32F7xx_HAL_Driver/Src/stm32f7xx_hal_rcc_ex.o
 .ARM.attributes
                0x0000000000000657       0x34 ./Drivers/STM32F7xx_HAL_Driver/Src/stm32f7xx_hal_spi.o
 .ARM.attributes
                0x000000000000068b       0x34 ./Drivers/STM32F7xx_HAL_Driver/Src/stm32f7xx_hal_tim.o
 .ARM.attributes
                0x00000000000006bf       0x34 ./Drivers/STM32F7xx_HAL_Driver/Src/stm32f7xx_hal_tim_ex.o
 .ARM.attributes
                0x00000000000006f3       0x34 ./Drivers/STM32F7xx_HAL_Driver/Src/stm32f7xx_hal_uart.o
 .ARM.attributes
                0x0000000000000727       0x34 ./FATFS/App/fatfs.o
 .ARM.attributes
                0x000000000000075b       0x34 ./FATFS/Target/user_diskio.o
 .ARM.attributes
                0x000000000000078f       0x34 ./Middlewares/Third_Party/FatFs/src/diskio.o
 .ARM.attributes
                0x00000000000007c3       0x34 ./Middlewares/Third_Party/FatFs/src/ff.o
 .ARM.attributes
                0x00000000000007f7       0x34 ./Middlewares/Third_Party/FatFs/src/ff_gen_drv.o
 .ARM.attributes
                0x000000000000082b       0x34 ./Middlewares/Third_Party/FatFs/src/option/ccsbcs.o
 .ARM.attributes
                0x000000000000085f       0x34 C:/ST/STM32CubeIDE_1.13.2/STM32CubeIDE/plugins/com.st.stm32cube.ide.mcu.externaltools.gnu-tools-for-stm32.11.3.rel1.win32_1.1.1.202309131626/tools/bin/../lib/gcc/arm-none-eabi/11.3.1/../../../../arm-none-eabi/lib/thumb/v7e-m+fp/hard\libc_nano.a(libc_a-findfp.o)
 .ARM.attributes
                0x0000000000000893       0x34 C:/ST/STM32CubeIDE_1.13.2/STM32CubeIDE/plugins/com.st.stm32cube.ide.mcu.externaltools.gnu-tools-for-stm32.11.3.rel1.win32_1.1.1.202309131626/tools/bin/../lib/gcc/arm-none-eabi/11.3.1/../../../../arm-none-eabi/lib/thumb/v7e-m+fp/hard\libc_nano.a(libc_a-sprintf.o)
 .ARM.attributes
                0x00000000000008c7       0x34 C:/ST/STM32CubeIDE_1.13.2/STM32CubeIDE/plugins/com.st.stm32cube.ide.mcu.externaltools.gnu-tools-for-stm32.11.3.rel1.win32_1.1.1.202309131626/tools/bin/../lib/gcc/arm-none-eabi/11.3.1/../../../../arm-none-eabi/lib/thumb/v7e-m+fp/hard\libc_nano.a(libc_a-memset.o)
 .ARM.attributes
                0x00000000000008fb       0x34 C:/ST/STM32CubeIDE_1.13.2/STM32CubeIDE/plugins/com.st.stm32cube.ide.mcu.externaltools.gnu-tools-for-stm32.11.3.rel1.win32_1.1.1.202309131626/tools/bin/../lib/gcc/arm-none-eabi/11.3.1/../../../../arm-none-eabi/lib/thumb/v7e-m+fp/hard\libc_nano.a(libc_a-reent.o)
 .ARM.attributes
                0x000000000000092f       0x34 C:/ST/STM32CubeIDE_1.13.2/STM32CubeIDE/plugins/com.st.stm32cube.ide.mcu.externaltools.gnu-tools-for-stm32.11.3.rel1.win32_1.1.1.202309131626/tools/bin/../lib/gcc/arm-none-eabi/11.3.1/../../../../arm-none-eabi/lib/thumb/v7e-m+fp/hard\libc_nano.a(libc_a-impure.o)
 .ARM.attributes
                0x0000000000000963       0x34 C:/ST/STM32CubeIDE_1.13.2/STM32CubeIDE/plugins/com.st.stm32cube.ide.mcu.externaltools.gnu-tools-for-stm32.11.3.rel1.win32_1.1.1.202309131626/tools/bin/../lib/gcc/arm-none-eabi/11.3.1/../../../../arm-none-eabi/lib/thumb/v7e-m+fp/hard\libc_nano.a(libc_a-errno.o)
 .ARM.attributes
                0x0000000000000997       0x34 C:/ST/STM32CubeIDE_1.13.2/STM32CubeIDE/plugins/com.st.stm32cube.ide.mcu.externaltools.gnu-tools-for-stm32.11.3.rel1.win32_1.1.1.202309131626/tools/bin/../lib/gcc/arm-none-eabi/11.3.1/../../../../arm-none-eabi/lib/thumb/v7e-m+fp/hard\libc_nano.a(libc_a-init.o)
 .ARM.attributes
                0x00000000000009cb       0x34 C:/ST/STM32CubeIDE_1.13.2/STM32CubeIDE/plugins/com.st.stm32cube.ide.mcu.externaltools.gnu-tools-for-stm32.11.3.rel1.win32_1.1.1.202309131626/tools/bin/../lib/gcc/arm-none-eabi/11.3.1/../../../../arm-none-eabi/lib/thumb/v7e-m+fp/hard\libc_nano.a(libc_a-lock.o)
 .ARM.attributes
                0x00000000000009ff       0x34 C:/ST/STM32CubeIDE_1.13.2/STM32CubeIDE/plugins/com.st.stm32cube.ide.mcu.externaltools.gnu-tools-for-stm32.11.3.rel1.win32_1.1.1.202309131626/tools/bin/../lib/gcc/arm-none-eabi/11.3.1/../../../../arm-none-eabi/lib/thumb/v7e-m+fp/hard\libc_nano.a(libc_a-freer.o)
 .ARM.attributes
                0x0000000000000a33       0x34 C:/ST/STM32CubeIDE_1.13.2/STM32CubeIDE/plugins/com.st.stm32cube.ide.mcu.externaltools.gnu-tools-for-stm32.11.3.rel1.win32_1.1.1.202309131626/tools/bin/../lib/gcc/arm-none-eabi/11.3.1/../../../../arm-none-eabi/lib/thumb/v7e-m+fp/hard\libc_nano.a(libc_a-mallocr.o)
 .ARM.attributes