../Core/Src/stm32f7xx_it.c:81:6:NMI_Handler	4	static
../Core/Src/stm32f7xx_it.c:96:6:HardFault_Handler	4	static
../Core/Src/stm32f7xx_it.c:111:6:MemManage_Handler	4	static
../Core/Src/stm32f7xx_it.c:126:6:BusFault_Handler	4	static
../Core/Src/stm32f7xx_it.c:141:6:UsageFault_Handler	4	static
../Core/Src/stm32f7xx_it.c:156:6:SVC_Handler	4	static
../Core/Src/stm32f7xx_it.c:169:6:DebugMon_Handler	4	static
../Core/Src/stm32f7xx_it.c:182:6:PendSV_Handler	4	static
../Core/Src/stm32f7xx_it.c:195:6:SysTick_Handler	8	static
../Core/Src/stm32f7xx_it.c:225:6:ADC_IRQHandler	8	static
../Core/Src/stm32f7xx_it.c:239:6:TIM2_IRQHandler	8	static
../Core/Src/stm32f7xx_it.c:253:6:TIM3_IRQHandler	8	static
../Core/Src/stm32f7xx_it.c:267:6:TIM4_IRQHandler	8	static
../Core/Src/stm32f7xx_it.c:281:6:USART3_IRQHandler	8	static
../Core/Src/stm32f7xx_it.c:295:6:TIM7_IRQHandler	8	static
../Core/Src/stm32f7xx_it.c:309:6:DMA2_Stream0_IRQHandler	8	static
